Archive member included to satisfy reference by file (symbol)

/Users/eltonleung/Dropbox/SJSU MSCMPE/Fall 16'/CMPE 245 Wireless Communication/LPCXpresso Projects Workspace/lpc_board_nxp_lpcxpresso_1769/Debug/liblpc_board_nxp_lpcxpresso_1769.a(board.o)
                              ./example/src/freertos_blinky.o (Board_LED_Set)
/Users/eltonleung/Dropbox/SJSU MSCMPE/Fall 16'/CMPE 245 Wireless Communication/LPCXpresso Projects Workspace/lpc_board_nxp_lpcxpresso_1769/Debug/liblpc_board_nxp_lpcxpresso_1769.a(board_sysinit.o)
                              ./example/src/sysinit.o (Board_SystemInit)
/Users/eltonleung/Dropbox/SJSU MSCMPE/Fall 16'/CMPE 245 Wireless Communication/LPCXpresso Projects Workspace/lpc_chip_175x_6x/Debug/liblpc_chip_175x_6x.a(chip_17xx_40xx.o)
                              ./freertos/src/port.o (SystemCoreClock)
/Users/eltonleung/Dropbox/SJSU MSCMPE/Fall 16'/CMPE 245 Wireless Communication/LPCXpresso Projects Workspace/lpc_chip_175x_6x/Debug/liblpc_chip_175x_6x.a(clock_17xx_40xx.o)
                              /Users/eltonleung/Dropbox/SJSU MSCMPE/Fall 16'/CMPE 245 Wireless Communication/LPCXpresso Projects Workspace/lpc_chip_175x_6x/Debug/liblpc_chip_175x_6x.a(chip_17xx_40xx.o) (Chip_Clock_EnablePLL)
/Users/eltonleung/Dropbox/SJSU MSCMPE/Fall 16'/CMPE 245 Wireless Communication/LPCXpresso Projects Workspace/lpc_chip_175x_6x/Debug/liblpc_chip_175x_6x.a(i2s_17xx_40xx.o)
                              /Users/eltonleung/Dropbox/SJSU MSCMPE/Fall 16'/CMPE 245 Wireless Communication/LPCXpresso Projects Workspace/lpc_board_nxp_lpcxpresso_1769/Debug/liblpc_board_nxp_lpcxpresso_1769.a(board.o) (Chip_I2S_Init)
/Users/eltonleung/Dropbox/SJSU MSCMPE/Fall 16'/CMPE 245 Wireless Communication/LPCXpresso Projects Workspace/lpc_chip_175x_6x/Debug/liblpc_chip_175x_6x.a(iocon_17xx_40xx.o)
                              /Users/eltonleung/Dropbox/SJSU MSCMPE/Fall 16'/CMPE 245 Wireless Communication/LPCXpresso Projects Workspace/lpc_board_nxp_lpcxpresso_1769/Debug/liblpc_board_nxp_lpcxpresso_1769.a(board.o) (Chip_IOCON_PinMux)
/Users/eltonleung/Dropbox/SJSU MSCMPE/Fall 16'/CMPE 245 Wireless Communication/LPCXpresso Projects Workspace/lpc_chip_175x_6x/Debug/liblpc_chip_175x_6x.a(sysinit_17xx_40xx.o)
                              /Users/eltonleung/Dropbox/SJSU MSCMPE/Fall 16'/CMPE 245 Wireless Communication/LPCXpresso Projects Workspace/lpc_board_nxp_lpcxpresso_1769/Debug/liblpc_board_nxp_lpcxpresso_1769.a(board_sysinit.o) (Chip_SetupXtalClocking)
/Users/eltonleung/Dropbox/SJSU MSCMPE/Fall 16'/CMPE 245 Wireless Communication/LPCXpresso Projects Workspace/lpc_chip_175x_6x/Debug/liblpc_chip_175x_6x.a(uart_17xx_40xx.o)
                              /Users/eltonleung/Dropbox/SJSU MSCMPE/Fall 16'/CMPE 245 Wireless Communication/LPCXpresso Projects Workspace/lpc_board_nxp_lpcxpresso_1769/Debug/liblpc_board_nxp_lpcxpresso_1769.a(board.o) (Chip_UART_Init)
/Users/eltonleung/Dropbox/SJSU MSCMPE/Fall 16'/CMPE 245 Wireless Communication/LPCXpresso Projects Workspace/lpc_chip_175x_6x/Debug/liblpc_chip_175x_6x.a(ring_buffer.o)
                              /Users/eltonleung/Dropbox/SJSU MSCMPE/Fall 16'/CMPE 245 Wireless Communication/LPCXpresso Projects Workspace/lpc_chip_175x_6x/Debug/liblpc_chip_175x_6x.a(uart_17xx_40xx.o) (RingBuffer_Insert)
/Applications/lpcxpresso_8.2.2_650/lpcxpresso/tools/bin/../lib/gcc/arm-none-eabi/5.4.1/../../../../arm-none-eabi/lib/armv7-m/libcr_semihost.a(_cr__main.o)
                              ./example/src/cr_startup_lpc175x_6x.o (__main)
/Applications/lpcxpresso_8.2.2_650/lpcxpresso/tools/bin/../lib/gcc/arm-none-eabi/5.4.1/../../../../arm-none-eabi/lib/armv7-m/libcr_c.a(memcpy.o)
                              ./freertos/src/queue.o (memcpy)
/Applications/lpcxpresso_8.2.2_650/lpcxpresso/tools/bin/../lib/gcc/arm-none-eabi/5.4.1/../../../../arm-none-eabi/lib/armv7-m/libcr_c.a(memset.o)
                              ./freertos/src/tasks.o (memset)
/Applications/lpcxpresso_8.2.2_650/lpcxpresso/tools/bin/../lib/gcc/arm-none-eabi/5.4.1/../../../../arm-none-eabi/lib/armv7-m/libcr_c.a(alloc.o)
                              ./freertos/src/heap_3.o (malloc)
/Applications/lpcxpresso_8.2.2_650/lpcxpresso/tools/bin/../lib/gcc/arm-none-eabi/5.4.1/../../../../arm-none-eabi/lib/armv7-m/libcr_c.a(fpprintf.o)
                              ./freertos/src/FreeRTOSCommonHooks.o (printf)
/Applications/lpcxpresso_8.2.2_650/lpcxpresso/tools/bin/../lib/gcc/arm-none-eabi/5.4.1/../../../../arm-none-eabi/lib/armv7-m/libcr_c.a(initio.o)
                              /Applications/lpcxpresso_8.2.2_650/lpcxpresso/tools/bin/../lib/gcc/arm-none-eabi/5.4.1/../../../../arm-none-eabi/lib/armv7-m/libcr_semihost.a(_cr__main.o) (_initio)
/Applications/lpcxpresso_8.2.2_650/lpcxpresso/tools/bin/../lib/gcc/arm-none-eabi/5.4.1/../../../../arm-none-eabi/lib/armv7-m/libcr_c.a(printf.o)
[...]
Memory Configuration

Name             Origin             Length             Attributes
MFlash512        0x0000000000000000 0x0000000000080000 xr
RamLoc32         0x0000000010000000 0x0000000000008000 xrw
RamAHB32         0x000000002007c000 0x0000000000008000 xrw
*default*        0x0000000000000000 0xffffffffffffffff

Linker script and memory map

LOAD ./freertos/src/FreeRTOSCommonHooks.o
LOAD ./freertos/src/heap_3.o
LOAD ./freertos/src/list.o
LOAD ./freertos/src/port.o
LOAD ./freertos/src/queue.o
LOAD ./freertos/src/tasks.o
LOAD ./example/src/cr_startup_lpc175x_6x.o
LOAD ./example/src/freertos_blinky.o
LOAD ./example/src/sysinit.o
LOAD /Users/eltonleung/Dropbox/SJSU MSCMPE/Fall 16'/CMPE 245 Wireless Communication/LPCXpresso Projects Workspace/lpc_board_nxp_lpcxpresso_1769/Debug/liblpc_board_nxp_lpcxpresso_1769.a
LOAD /Users/eltonleung/Dropbox/SJSU MSCMPE/Fall 16'/CMPE 245 Wireless Communication/LPCXpresso Projects Workspace/lpc_chip_175x_6x/Debug/liblpc_chip_175x_6x.a
START GROUP
LOAD /Applications/lpcxpresso_8.2.2_650/lpcxpresso/tools/bin/../lib/gcc/arm-none-eabi/5.4.1/../../../../arm-none-eabi/lib/armv7-m/libcr_semihost.a
LOAD /Applications/lpcxpresso_8.2.2_650/lpcxpresso/tools/bin/../lib/gcc/arm-none-eabi/5.4.1/../../../../arm-none-eabi/lib/armv7-m/libcr_c.a
LOAD /Applications/lpcxpresso_8.2.2_650/lpcxpresso/tools/bin/../lib/gcc/arm-none-eabi/5.4.1/armv7-m/libcr_eabihelpers.a
END GROUP
                0x0000000000000000                __base_MFlash512 = 0x0
                0x0000000000000000                __base_Flash = 0x0
                0x0000000000080000                __top_MFlash512 = 0x80000
                0x0000000000080000                __top_Flash = 0x80000
                0x0000000010000000                __base_RamLoc32 = 0x10000000
                0x0000000010000000                __base_RAM = 0x10000000
                0x0000000010008000                __top_RamLoc32 = 0x10008000
                0x0000000010008000                __top_RAM = 0x10008000
                0x000000002007c000                __base_RamAHB32 = 0x2007c000
                0x000000002007c000                __base_RAM2 = 0x2007c000
                0x0000000020084000                __top_RamAHB32 = 0x20084000
                0x0000000020084000                __top_RAM2 = 0x20084000

.text           0x0000000000000000     0x60a8
 FILL mask 0xff
                0x0000000000000000                __vectors_start__ = ABSOLUTE (.)
 *(.isr_vector)
 .isr_vector    0x0000000000000000       0xcc ./example/src/cr_startup_lpc175x_6x.o
                0x0000000000000000                g_pfnVectors
                0x00000000000000cc                . = ALIGN (0x4)
                0x00000000000000cc                __section_table_start = .
                0x00000000000000cc                __data_section_table = .
                0x00000000000000cc        0x4 LONG 0x60a8 LOADADDR (.data)
                0x00000000000000d0        0x4 LONG 0x10000000 ADDR (.data)
                0x00000000000000d4        0x4 LONG 0x1e8 SIZEOF (.data)
                0x00000000000000d8        0x4 LONG 0x60a8 LOADADDR (.data_RAM2)
                0x00000000000000dc        0x4 LONG 0x2007c000 ADDR (.data_RAM2)
                0x00000000000000e0        0x4 LONG 0x0 SIZEOF (.data_RAM2)
                0x00000000000000e4                __data_section_table_end = .
                0x00000000000000e4                __bss_section_table = .
                0x00000000000000e4        0x4 LONG 0x100001e8 ADDR (.bss)
                0x00000000000000e8        0x4 LONG 0x2450 SIZEOF (.bss)
                0x00000000000000ec        0x4 LONG 0x2007c000 ADDR (.bss_RAM2)
                0x00000000000000f0        0x4 LONG 0x0 SIZEOF (.bss_RAM2)
                0x00000000000000f4                __bss_section_table_end = .
                0x00000000000000f4                __section_table_end = .
 *(.after_vectors*)
 .after_vectors
                0x00000000000000f4      0x144 ./example/src/cr_startup_lpc175x_6x.o
                0x00000000000000f4                data_init
                0x0000000000000138                bss_init
                0x0000000000000170                ResetISR
                0x00000000000001e8                NMI_Handler
                0x00000000000001f0                HardFault_Handler
                0x00000000000001f8                MemManage_Handler
                0x0000000000000200                BusFault_Handler
                0x0000000000000208                UsageFault_Handler
                0x0000000000000218                DebugMon_Handler
                0x0000000000000230                CANActivity_IRQHandler
                0x0000000000000230                TIMER3_IRQHandler
                0x0000000000000230                UART0_IRQHandler
                0x0000000000000230                IntDefaultHandler
                0x0000000000000230                PLL0_IRQHandler
                0x0000000000000230                CAN_IRQHandler
                0x0000000000000230                PLL1_IRQHandler
                0x0000000000000230                SSP0_IRQHandler
                0x0000000000000230                I2S_IRQHandler
                0x0000000000000230                I2C2_IRQHandler
                0x0000000000000230                RTC_IRQHandler
                0x0000000000000230                TIMER0_IRQHandler
                0x0000000000000230                SPI_IRQHandler
                0x0000000000000230                EINT1_IRQHandler
                0x0000000000000230                TIMER1_IRQHandler
                0x0000000000000230                UART2_IRQHandler
                0x0000000000000230                ADC_IRQHandler
                0x0000000000000230                SSP1_IRQHandler
                0x0000000000000230                USB_IRQHandler
                0x0000000000000230                BOD_IRQHandler
                0x0000000000000230                WDT_IRQHandler
                0x0000000000000230                QEI_IRQHandler
                0x0000000000000230                EINT0_IRQHandler
                0x0000000000000230                ETH_IRQHandler
                0x0000000000000230                DMA_IRQHandler
                0x0000000000000230                UART3_IRQHandler
                0x0000000000000230                TIMER2_IRQHandler
                0x0000000000000230                MCPWM_IRQHandler
                0x0000000000000230                RIT_IRQHandler
                0x0000000000000230                I2C0_IRQHandler
                0x0000000000000230                USBActivity_IRQHandler
                0x0000000000000230                PWM1_IRQHandler
                0x0000000000000230                I2C1_IRQHandler
                0x0000000000000230                EINT2_IRQHandler
                0x0000000000000230                UART1_IRQHandler
                0x0000000000000230                EINT3_IRQHandler
 *(.text*)
 .text.vApplicationIdleHook
                0x0000000000000238       0x10 ./freertos/src/FreeRTOSCommonHooks.o
                0x0000000000000238                vApplicationIdleHook
 .text.pvPortMalloc
                0x0000000000000248       0x24 ./freertos/src/heap_3.o
                0x0000000000000248                pvPortMalloc
 .text.vPortFree
                0x000000000000026c       0x24 ./freertos/src/heap_3.o
                0x000000000000026c                vPortFree
 .text.vListInitialise
                0x0000000000000290       0x40 ./freertos/src/list.o
                0x0000000000000290                vListInitialise
 .text.vListInitialiseItem
                0x00000000000002d0       0x18 ./freertos/src/list.o
                0x00000000000002d0                vListInitialiseItem
 .text.vListInsertEnd
                0x00000000000002e8       0x48 ./freertos/src/list.o
                0x00000000000002e8                vListInsertEnd
 .text.vListInsert
                0x0000000000000330       0x70 ./freertos/src/list.o
                0x0000000000000330                vListInsert
 .text.uxListRemove
                0x00000000000003a0       0x54 ./freertos/src/list.o
                0x00000000000003a0                uxListRemove
 .text.pxPortInitialiseStack
                0x00000000000003f4       0x54 ./freertos/src/port.o
                0x00000000000003f4                pxPortInitialiseStack
 .text.prvTaskExitError
                0x0000000000000448        0xc ./freertos/src/port.o
 .text.SVC_Handler
                0x0000000000000454       0x24 ./freertos/src/port.o
                0x0000000000000454                SVC_Handler
 .text.prvPortStartFirstTask
                0x0000000000000478       0x18 ./freertos/src/port.o
 .text.xPortStartScheduler
                0x0000000000000490       0x38 ./freertos/src/port.o
                0x0000000000000490                xPortStartScheduler
 .text.vPortYield
                0x00000000000004c8       0x20 ./freertos/src/port.o
                0x00000000000004c8                vPortYield
 .text.vPortEnterCritical
                0x00000000000004e8       0x24 ./freertos/src/port.o
                0x00000000000004e8                vPortEnterCritical
 .text.vPortExitCritical
                0x000000000000050c       0x24 ./freertos/src/port.o
                0x000000000000050c                vPortExitCritical
 .text.ulPortSetInterruptMask
                0x0000000000000530       0x14 ./freertos/src/port.o
                0x0000000000000530                ulPortSetInterruptMask
 .text.vPortClearInterruptMask
                0x0000000000000544        0x8 ./freertos/src/port.o
                0x0000000000000544                vPortClearInterruptMask
 .text.PendSV_Handler
                0x000000000000054c       0x40 ./freertos/src/port.o
                0x000000000000054c                PendSV_Handler
 .text.SysTick_Handler
                0x000000000000058c       0x28 ./freertos/src/port.o
                0x000000000000058c                SysTick_Handler
 .text.vPortSuppressTicksAndSleep
                0x00000000000005b4      0x15c ./freertos/src/port.o
                0x00000000000005b4                vPortSuppressTicksAndSleep
 .text.vPortSetupTimerInterrupt
                0x0000000000000710       0x78 ./freertos/src/port.o
                0x0000000000000710                vPortSetupTimerInterrupt
 .text.xTaskGenericCreate
                0x0000000000000788      0x140 ./freertos/src/tasks.o
                0x0000000000000788                xTaskGenericCreate
 .text.vTaskDelay
                0x00000000000008c8       0x54 ./freertos/src/tasks.o
                0x00000000000008c8                vTaskDelay
 .text.vTaskStartScheduler
                0x000000000000091c       0x58 ./freertos/src/tasks.o
                0x000000000000091c                vTaskStartScheduler
 .text.vTaskSuspendAll
                0x0000000000000974       0x1c ./freertos/src/tasks.o
                0x0000000000000974                vTaskSuspendAll
 .text.prvGetExpectedIdleTime
                0x0000000000000990       0x4c ./freertos/src/tasks.o
 .text.xTaskResumeAll
                0x00000000000009dc       0xfc ./freertos/src/tasks.o
                0x00000000000009dc                xTaskResumeAll
 .text.vTaskStepTick
                0x0000000000000ad8       0x24 ./freertos/src/tasks.o
                0x0000000000000ad8                vTaskStepTick
 .text.xTaskIncrementTick
                0x0000000000000afc      0x18c ./freertos/src/tasks.o
                0x0000000000000afc                xTaskIncrementTick
 .text.vTaskSwitchContext
                0x0000000000000c88       0x98 ./freertos/src/tasks.o
                0x0000000000000c88                vTaskSwitchContext
 .text.prvIdleTask
                0x0000000000000d20       0x48 ./freertos/src/tasks.o
 .text.eTaskConfirmSleepModeStatus
                0x0000000000000d68       0x5c ./freertos/src/tasks.o
                0x0000000000000d68                eTaskConfirmSleepModeStatus
 .text.prvInitialiseTCBVariables
                0x0000000000000dc4       0x98 ./freertos/src/tasks.o
 .text.prvInitialiseTaskLists
                0x0000000000000e5c       0x80 ./freertos/src/tasks.o
 .text.prvCheckTasksWaitingTermination
                0x0000000000000edc       0x78 ./freertos/src/tasks.o
 .text.prvAddCurrentTaskToDelayedList
                0x0000000000000f54       0x6c ./freertos/src/tasks.o
 .text.prvAllocateTCBAndStack
                0x0000000000000fc0       0x64 ./freertos/src/tasks.o
 .text.prvDeleteTCB
                0x0000000000001024       0x20 ./freertos/src/tasks.o
 .text.Chip_GPIO_SetPinState
                0x0000000000001044       0x68 ./example/src/freertos_blinky.o
 .text.Chip_GPIO_WritePortBit
                0x00000000000010ac       0x2c ./example/src/freertos_blinky.o
 .text.Chip_GPIO_GetPinState
                0x00000000000010d8       0x38 ./example/src/freertos_blinky.o
 .text.Chip_GPIO_ReadPortBit
                0x0000000000001110       0x28 ./example/src/freertos_blinky.o
 .text.Chip_GPIO_SetPinDIROutput
                0x0000000000001138       0x38 ./example/src/freertos_blinky.o
 .text.Chip_GPIO_SetPinDIRInput
                0x0000000000001170       0x3c ./example/src/freertos_blinky.o
 .text.Chip_GPIO_SetPinDIR
                0x00000000000011ac       0x44 ./example/src/freertos_blinky.o
 .text.prvSetupHardware
                0x00000000000011f0       0x4c ./example/src/freertos_blinky.o
 .text.sendActionTask
                0x000000000000123c       0x68 ./example/src/freertos_blinky.o
 .text.payLoadFill
                0x00000000000012a4       0x68 ./example/src/freertos_blinky.o
                0x00000000000012a4                payLoadFill
 .text.printAll
                0x000000000000130c       0x50 ./example/src/freertos_blinky.o
                0x000000000000130c                printAll
 .text.shiftRight
                0x000000000000135c       0x44 ./example/src/freertos_blinky.o
                0x000000000000135c                shiftRight
 .text.initializeArr
                0x00000000000013a0       0x34 ./example/src/freertos_blinky.o
                0x00000000000013a0                initializeArr
 .text.scramble
                0x00000000000013d4      0x124 ./example/src/freertos_blinky.o
                0x00000000000013d4                scramble
 .text.deScramble
                0x00000000000014f8      0x130 ./example/src/freertos_blinky.o
                0x00000000000014f8                deScramble
 .text.encode   0x0000000000001628       0x84 ./example/src/freertos_blinky.o
                0x0000000000001628                encode
 .text.turnIntoC
                0x00000000000016ac       0x94 ./example/src/freertos_blinky.o
                0x00000000000016ac                turnIntoC
 .text.storeIntoEncodedPayload
                0x0000000000001740       0x50 ./example/src/freertos_blinky.o
                0x0000000000001740                storeIntoEncodedPayload
 .text.sendMessage
                0x0000000000001790      0x128 ./example/src/freertos_blinky.o
                0x0000000000001790                sendMessage
 .text.bufferFill
                0x00000000000018b8       0xe0 ./example/src/freertos_blinky.o
 .text.clearBuffer
                0x0000000000001998       0x38 ./example/src/freertos_blinky.o
                0x0000000000001998                clearBuffer
 .text.bufferCheck
                0x00000000000019d0      0x474 ./example/src/freertos_blinky.o
                0x00000000000019d0                bufferCheck
 .text.main     0x0000000000001e44       0x60 ./example/src/freertos_blinky.o
                0x0000000000001e44                main
 .text.SystemInit
                0x0000000000001ea4       0x24 ./example/src/sysinit.o
                0x0000000000001ea4                SystemInit
 .text.Chip_IOCON_Init
                0x0000000000001ec8       0x18 /Users/eltonleung/Dropbox/SJSU MSCMPE/Fall 16'/CMPE 245 Wireless Communication/LPCXpresso Projects Workspace/lpc_board_nxp_lpcxpresso_1769/Debug/liblpc_board_nxp_lpcxpresso_1769.a(board.o)
 .text.Chip_GPIO_Init
                0x0000000000001ee0       0x18 /Users/eltonleung/Dropbox/SJSU MSCMPE/Fall 16'/CMPE 245 Wireless Communication/LPCXpresso Projects Workspace/lpc_board_nxp_lpcxpresso_1769/Debug/liblpc_board_nxp_lpcxpresso_1769.a(board.o)
 .text.Chip_GPIO_SetPinState
                0x0000000000001ef8       0x68 /Users/eltonleung/Dropbox/SJSU MSCMPE/Fall 16'/CMPE 245 Wireless Communication/LPCXpresso Projects Workspace/lpc_board_nxp_lpcxpresso_1769/Debug/liblpc_board_nxp_lpcxpresso_1769.a(board.o)
 .text.Chip_GPIO_WritePortBit
                0x0000000000001f60       0x2c /Users/eltonleung/Dropbox/SJSU MSCMPE/Fall 16'/CMPE 245 Wireless Communication/LPCXpresso Projects Workspace/lpc_board_nxp_lpcxpresso_1769/Debug/liblpc_board_nxp_lpcxpresso_1769.a(board.o)
 .text.Chip_GPIO_SetPinDIROutput
                0x0000000000001f8c       0x38 /Users/eltonleung/Dropbox/SJSU MSCMPE/Fall 16'/CMPE 245 Wireless Communication/LPCXpresso Projects Workspace/lpc_board_nxp_lpcxpresso_1769/Debug/liblpc_board_nxp_lpcxpresso_1769.a(board.o)
 .text.Chip_GPIO_SetPinDIRInput
                0x0000000000001fc4       0x3c /Users/eltonleung/Dropbox/SJSU MSCMPE/Fall 16'/CMPE 245 Wireless Communication/LPCXpresso Projects Workspace/lpc_board_nxp_lpcxpresso_1769/Debug/liblpc_board_nxp_lpcxpresso_1769.a(board.o)
 .text.Chip_GPIO_SetPinDIR
                0x0000000000002000       0x44 /Users/eltonleung/Dropbox/SJSU MSCMPE/Fall 16'/CMPE 245 Wireless Communication/LPCXpresso Projects Workspace/lpc_board_nxp_lpcxpresso_1769/Debug/liblpc_board_nxp_lpcxpresso_1769.a(board.o)
 .text.Chip_GPIO_WriteDirBit
                0x0000000000002044       0x30 /Users/eltonleung/Dropbox/SJSU MSCMPE/Fall 16'/CMPE 245 Wireless Communication/LPCXpresso Projects Workspace/lpc_board_nxp_lpcxpresso_1769/Debug/liblpc_board_nxp_lpcxpresso_1769.a(board.o)
 .text.Board_LED_Init
                0x0000000000002074       0x18 /Users/eltonleung/Dropbox/SJSU MSCMPE/Fall 16'/CMPE 245 Wireless Communication/LPCXpresso Projects Workspace/lpc_board_nxp_lpcxpresso_1769/Debug/liblpc_board_nxp_lpcxpresso_1769.a(board.o)
 .text.Board_LED_Set
                0x000000000000208c       0x30 /Users/eltonleung/Dropbox/SJSU MSCMPE/Fall 16'/CMPE 245 Wireless Communication/LPCXpresso Projects Workspace/lpc_board_nxp_lpcxpresso_1769/Debug/liblpc_board_nxp_lpcxpresso_1769.a(board.o)
                0x000000000000208c                Board_LED_Set
 .text.Board_Init
                0x00000000000020bc       0x20 /Users/eltonleung/Dropbox/SJSU MSCMPE/Fall 16'/CMPE 245 Wireless Communication/LPCXpresso Projects Workspace/lpc_board_nxp_lpcxpresso_1769/Debug/liblpc_board_nxp_lpcxpresso_1769.a(board.o)
                0x00000000000020bc                Board_Init
 .text.Chip_SYSCTL_SetFLASHAccess
                0x00000000000020dc       0x30 /Users/eltonleung/Dropbox/SJSU MSCMPE/Fall 16'/CMPE 245 Wireless Communication/LPCXpresso Projects Workspace/lpc_board_nxp_lpcxpresso_1769/Debug/liblpc_board_nxp_lpcxpresso_1769.a(board_sysinit.o)
 .text.Board_SetupMuxing
                0x000000000000210c       0x1c /Users/eltonleung/Dropbox/SJSU MSCMPE/Fall 16'/CMPE 245 Wireless Communication/LPCXpresso Projects Workspace/lpc_board_nxp_lpcxpresso_1769/Debug/liblpc_board_nxp_lpcxpresso_1769.a(board_sysinit.o)
                0x000000000000210c                Board_SetupMuxing
 .text.Board_SetupClocking
                0x0000000000002128       0x14 /Users/eltonleung/Dropbox/SJSU MSCMPE/Fall 16'/CMPE 245 Wireless Communication/LPCXpresso Projects Workspace/lpc_board_nxp_lpcxpresso_1769/Debug/liblpc_board_nxp_lpcxpresso_1769.a(board_sysinit.o)
                0x0000000000002128                Board_SetupClocking
 .text.Board_SystemInit
                0x000000000000213c       0x10 /Users/eltonleung/Dropbox/SJSU MSCMPE/Fall 16'/CMPE 245 Wireless Communication/LPCXpresso Projects Workspace/lpc_board_nxp_lpcxpresso_1769/Debug/liblpc_board_nxp_lpcxpresso_1769.a(board_sysinit.o)
                0x000000000000213c                Board_SystemInit
 .text.SystemCoreClockUpdate
                0x000000000000214c       0x18 /Users/eltonleung/Dropbox/SJSU MSCMPE/Fall 16'/CMPE 245 Wireless Communication/LPCXpresso Projects Workspace/lpc_chip_175x_6x/Debug/liblpc_chip_175x_6x.a(chip_17xx_40xx.o)
                0x000000000000214c                SystemCoreClockUpdate
 .text.Chip_Clock_IsMainPLLEnabled
                0x0000000000002164       0x24 /Users/eltonleung/Dropbox/SJSU MSCMPE/Fall 16'/CMPE 245 Wireless Communication/LPCXpresso Projects Workspace/lpc_chip_175x_6x/Debug/liblpc_chip_175x_6x.a(clock_17xx_40xx.o)
 .text.Chip_Clock_IsMainPLLConnected
                0x0000000000002188       0x24 /Users/eltonleung/Dropbox/SJSU MSCMPE/Fall 16'/CMPE 245 Wireless Communication/LPCXpresso Projects Workspace/lpc_chip_175x_6x/Debug/liblpc_chip_175x_6x.a(clock_17xx_40xx.o)
 .text.Chip_Clock_FeedPLL
                0x00000000000021ac       0x34 /Users/eltonleung/Dropbox/SJSU MSCMPE/Fall 16'/CMPE 245 Wireless Communication/LPCXpresso Projects Workspace/lpc_chip_175x_6x/Debug/liblpc_chip_175x_6x.a(clock_17xx_40xx.o)
 .text.Chip_Clock_GetMainPLLSource
                0x00000000000021e0       0x20 /Users/eltonleung/Dropbox/SJSU MSCMPE/Fall 16'/CMPE 245 Wireless Communication/LPCXpresso Projects Workspace/lpc_chip_175x_6x/Debug/liblpc_chip_175x_6x.a(clock_17xx_40xx.o)
 .text.Chip_Clock_GetMainOscRate
                0x0000000000002200       0x14 /Users/eltonleung/Dropbox/SJSU MSCMPE/Fall 16'/CMPE 245 Wireless Communication/LPCXpresso Projects Workspace/lpc_chip_175x_6x/Debug/liblpc_chip_175x_6x.a(clock_17xx_40xx.o)
 .text.Chip_Clock_GetIntOscRate
                0x0000000000002214       0x14 /Users/eltonleung/Dropbox/SJSU MSCMPE/Fall 16'/CMPE 245 Wireless Communication/LPCXpresso Projects Workspace/lpc_chip_175x_6x/Debug/liblpc_chip_175x_6x.a(clock_17xx_40xx.o)
 .text.Chip_Clock_GetRTCOscRate
                0x0000000000002228       0x14 /Users/eltonleung/Dropbox/SJSU MSCMPE/Fall 16'/CMPE 245 Wireless Communication/LPCXpresso Projects Workspace/lpc_chip_175x_6x/Debug/liblpc_chip_175x_6x.a(clock_17xx_40xx.o)
 .text.Chip_Clock_GetMainPLLInClockRate
                0x000000000000223c       0x10 /Users/eltonleung/Dropbox/SJSU MSCMPE/Fall 16'/CMPE 245 Wireless Communication/LPCXpresso Projects Workspace/lpc_chip_175x_6x/Debug/liblpc_chip_175x_6x.a(clock_17xx_40xx.o)
 .text.Chip_Clock_EnablePLL
                0x000000000000224c       0x44 /Users/eltonleung/Dropbox/SJSU MSCMPE/Fall 16'/CMPE 245 Wireless Communication/LPCXpresso Projects Workspace/lpc_chip_175x_6x/Debug/liblpc_chip_175x_6x.a(clock_17xx_40xx.o)
                0x000000000000224c                Chip_Clock_EnablePLL
 .text.Chip_Clock_DisablePLL
                0x0000000000002290       0x48 /Users/eltonleung/Dropbox/SJSU MSCMPE/Fall 16'/CMPE 245 Wireless Communication/LPCXpresso Projects Workspace/lpc_chip_175x_6x/Debug/liblpc_chip_175x_6x.a(clock_17xx_40xx.o)
                0x0000000000002290                Chip_Clock_DisablePLL
 .text.Chip_Clock_SetupPLL
                0x00000000000022d8       0x5c /Users/eltonleung/Dropbox/SJSU MSCMPE/Fall 16'/CMPE 245 Wireless Communication/LPCXpresso Projects Workspace/lpc_chip_175x_6x/Debug/liblpc_chip_175x_6x.a(clock_17xx_40xx.o)
                0x00000000000022d8                Chip_Clock_SetupPLL
 .text.Chip_Clock_EnablePeriphClock
                0x0000000000002334       0x34 /Users/eltonleung/Dropbox/SJSU MSCMPE/Fall 16'/CMPE 245 Wireless Communication/LPCXpresso Projects Workspace/lpc_chip_175x_6x/Debug/liblpc_chip_175x_6x.a(clock_17xx_40xx.o)
                0x0000000000002334                Chip_Clock_EnablePeriphClock
 .text.Chip_Clock_GetCPUClockSource
                0x0000000000002368       0x24 /Users/eltonleung/Dropbox/SJSU MSCMPE/Fall 16'/CMPE 245 Wireless Communication/LPCXpresso Projects Workspace/lpc_chip_175x_6x/Debug/liblpc_chip_175x_6x.a(clock_17xx_40xx.o)
                0x0000000000002368                Chip_Clock_GetCPUClockSource
 .text.Chip_Clock_SetCPUClockDiv
                0x000000000000238c       0x20 /Users/eltonleung/Dropbox/SJSU MSCMPE/Fall 16'/CMPE 245 Wireless Communication/LPCXpresso Projects Workspace/lpc_chip_175x_6x/Debug/liblpc_chip_175x_6x.a(clock_17xx_40xx.o)
                0x000000000000238c                Chip_Clock_SetCPUClockDiv
 .text.Chip_Clock_GetCPUClockDiv
                0x00000000000023ac       0x1c /Users/eltonleung/Dropbox/SJSU MSCMPE/Fall 16'/CMPE 245 Wireless Communication/LPCXpresso Projects Workspace/lpc_chip_175x_6x/Debug/liblpc_chip_175x_6x.a(clock_17xx_40xx.o)
                0x00000000000023ac                Chip_Clock_GetCPUClockDiv
 .text.Chip_Clock_GetSYSCLKRate
                0x00000000000023c8       0x34 /Users/eltonleung/Dropbox/SJSU MSCMPE/Fall 16'/CMPE 245 Wireless Communication/LPCXpresso Projects Workspace/lpc_chip_175x_6x/Debug/liblpc_chip_175x_6x.a(clock_17xx_40xx.o)
                0x00000000000023c8                Chip_Clock_GetSYSCLKRate
 .text.Chip_Clock_GetMainPLLOutClockRate
                0x00000000000023fc       0x54 /Users/eltonleung/Dropbox/SJSU MSCMPE/Fall 16'/CMPE 245 Wireless Communication/LPCXpresso Projects Workspace/lpc_chip_175x_6x/Debug/liblpc_chip_175x_6x.a(clock_17xx_40xx.o)
                0x00000000000023fc                Chip_Clock_GetMainPLLOutClockRate
 .text.Chip_Clock_GetMainClockRate
                0x0000000000002450       0x28 /Users/eltonleung/Dropbox/SJSU MSCMPE/Fall 16'/CMPE 245 Wireless Communication/LPCXpresso Projects Workspace/lpc_chip_175x_6x/Debug/liblpc_chip_175x_6x.a(clock_17xx_40xx.o)
                0x0000000000002450                Chip_Clock_GetMainClockRate
 .text.Chip_Clock_GetSystemClockRate
                0x0000000000002478       0x18 /Users/eltonleung/Dropbox/SJSU MSCMPE/Fall 16'/CMPE 245 Wireless Communication/LPCXpresso Projects Workspace/lpc_chip_175x_6x/Debug/liblpc_chip_175x_6x.a(clock_17xx_40xx.o)
                0x0000000000002478                Chip_Clock_GetSystemClockRate
 .text.Chip_IOCON_PinMuxSet
                0x0000000000002490       0x38 /Users/eltonleung/Dropbox/SJSU MSCMPE/Fall 16'/CMPE 245 Wireless Communication/LPCXpresso Projects Workspace/lpc_chip_175x_6x/Debug/liblpc_chip_175x_6x.a(iocon_17xx_40xx.o)
                0x0000000000002490                Chip_IOCON_PinMuxSet
 .text.Chip_IOCON_PinMux
                0x00000000000024c8       0x94 /Users/eltonleung/Dropbox/SJSU MSCMPE/Fall 16'/CMPE 245 Wireless Communication/LPCXpresso Projects Workspace/lpc_chip_175x_6x/Debug/liblpc_chip_175x_6x.a(iocon_17xx_40xx.o)
                0x00000000000024c8                Chip_IOCON_PinMux
 .text.Chip_IOCON_SetPinMuxing
                0x000000000000255c       0x64 /Users/eltonleung/Dropbox/SJSU MSCMPE/Fall 16'/CMPE 245 Wireless Communication/LPCXpresso Projects Workspace/lpc_chip_175x_6x/Debug/liblpc_chip_175x_6x.a(iocon_17xx_40xx.o)
                0x000000000000255c                Chip_IOCON_SetPinMuxing
 .text.Chip_Clock_IsMainPLLEnabled
                0x00000000000025c0       0x24 /Users/eltonleung/Dropbox/SJSU MSCMPE/Fall 16'/CMPE 245 Wireless Communication/LPCXpresso Projects Workspace/lpc_chip_175x_6x/Debug/liblpc_chip_175x_6x.a(sysinit_17xx_40xx.o)
 .text.Chip_Clock_IsMainPLLLocked
                0x00000000000025e4       0x24 /Users/eltonleung/Dropbox/SJSU MSCMPE/Fall 16'/CMPE 245 Wireless Communication/LPCXpresso Projects Workspace/lpc_chip_175x_6x/Debug/liblpc_chip_175x_6x.a(sysinit_17xx_40xx.o)
 .text.Chip_Clock_IsMainPLLConnected
                0x0000000000002608       0x24 /Users/eltonleung/Dropbox/SJSU MSCMPE/Fall 16'/CMPE 245 Wireless Communication/LPCXpresso Projects Workspace/lpc_chip_175x_6x/Debug/liblpc_chip_175x_6x.a(sysinit_17xx_40xx.o)
 .text.Chip_Clock_EnableCrystal
                0x000000000000262c       0x20 /Users/eltonleung/Dropbox/SJSU MSCMPE/Fall 16'/CMPE 245 Wireless Communication/LPCXpresso Projects Workspace/lpc_chip_175x_6x/Debug/liblpc_chip_175x_6x.a(sysinit_17xx_40xx.o)
 .text.Chip_Clock_IsCrystalEnabled
                0x000000000000264c       0x24 /Users/eltonleung/Dropbox/SJSU MSCMPE/Fall 16'/CMPE 245 Wireless Communication/LPCXpresso Projects Workspace/lpc_chip_175x_6x/Debug/liblpc_chip_175x_6x.a(sysinit_17xx_40xx.o)
 .text.Chip_Clock_SetMainPLLSource
                0x0000000000002670       0x20 /Users/eltonleung/Dropbox/SJSU MSCMPE/Fall 16'/CMPE 245 Wireless Communication/LPCXpresso Projects Workspace/lpc_chip_175x_6x/Debug/liblpc_chip_175x_6x.a(sysinit_17xx_40xx.o)
 .text.Chip_SetupXtalClocking
                0x0000000000002690       0x90 /Users/eltonleung/Dropbox/SJSU MSCMPE/Fall 16'/CMPE 245 Wireless Communication/LPCXpresso Projects Workspace/lpc_chip_175x_6x/Debug/liblpc_chip_175x_6x.a(sysinit_17xx_40xx.o)
                0x0000000000002690                Chip_SetupXtalClocking
 .text.__main   0x0000000000002720       0x14 /Applications/lpcxpresso_8.2.2_650/lpcxpresso/tools/bin/../lib/gcc/arm-none-eabi/5.4.1/../../../../arm-none-eabi/lib/armv7-m/libcr_semihost.a(_cr__main.o)
                0x0000000000002720                __main
                0x0000000000002720                __CR_SEMIHOST
 .text.memset   0x0000000000002734        0x4 /Applications/lpcxpresso_8.2.2_650/lpcxpresso/tools/bin/../lib/gcc/arm-none-eabi/5.4.1/../../../../arm-none-eabi/lib/armv7-m/libcr_c.a(memset.o)
                0x0000000000002734                memset
 .text.malloc   0x0000000000002738       0xc8 /Applications/lpcxpresso_8.2.2_650/lpcxpresso/tools/bin/../lib/gcc/arm-none-eabi/5.4.1/../../../../arm-none-eabi/lib/armv7-m/libcr_c.a(alloc.o)
                0x0000000000002738                malloc
 .text.free     0x0000000000002800       0x30 /Applications/lpcxpresso_8.2.2_650/lpcxpresso/tools/bin/../lib/gcc/arm-none-eabi/5.4.1/../../../../arm-none-eabi/lib/armv7-m/libcr_c.a(alloc.o)
                0x0000000000002800                free
 .text._Csys_alloc
                0x0000000000002830       0x20 /Applications/lpcxpresso_8.2.2_650/lpcxpresso/tools/bin/../lib/gcc/arm-none-eabi/5.4.1/../../../../arm-none-eabi/lib/armv7-m/libcr_c.a(alloc.o)
                0x0000000000002830                _Csys_alloc
 .text.fp_round
                0x0000000000002850       0x4c /Applications/lpcxpresso_8.2.2_650/lpcxpresso/tools/bin/../lib/gcc/arm-none-eabi/5.4.1/../../../../arm-none-eabi/lib/armv7-m/libcr_c.a(fpprintf.o)
 .text.pr_dec.constprop.1
                0x000000000000289c       0x26 /Applications/lpcxpresso_8.2.2_650/lpcxpresso/tools/bin/../lib/gcc/arm-none-eabi/5.4.1/../../../../arm-none-eabi/lib/armv7-m/libcr_c.a(fpprintf.o)
 *fill*         0x00000000000028c2        0x2 ff
 .text.sprintf  0x00000000000028c4       0x6c /Applications/lpcxpresso_8.2.2_650/lpcxpresso/tools/bin/../lib/gcc/arm-none-eabi/5.4.1/../../../../arm-none-eabi/lib/armv7-m/libcr_c.a(fpprintf.o)
                0x00000000000028c4                sprintf
 .text.fp_display
                0x0000000000002930      0x8ec /Applications/lpcxpresso_8.2.2_650/lpcxpresso/tools/bin/../lib/gcc/arm-none-eabi/5.4.1/../../../../arm-none-eabi/lib/armv7-m/libcr_c.a(fpprintf.o)
 .text.vsnprintf
                0x000000000000321c       0x5c /Applications/lpcxpresso_8.2.2_650/lpcxpresso/tools/bin/../lib/gcc/arm-none-eabi/5.4.1/../../../../arm-none-eabi/lib/armv7-m/libcr_c.a(fpprintf.o)
                0x000000000000321c                vsnprintf
 .text.printf   0x0000000000003278       0x54 /Applications/lpcxpresso_8.2.2_650/lpcxpresso/tools/bin/../lib/gcc/arm-none-eabi/5.4.1/../../../../arm-none-eabi/lib/armv7-m/libcr_c.a(fpprintf.o)
                0x0000000000003278                printf
 .text._initio  0x00000000000032cc       0xa4 /Applications/lpcxpresso_8.2.2_650/lpcxpresso/tools/bin/../lib/gcc/arm-none-eabi/5.4.1/../../../../arm-none-eabi/lib/armv7-m/libcr_c.a(initio.o)
                0x00000000000032cc                _initio
 .text.__vfprintf
                0x0000000000003370      0xd28 /Applications/lpcxpresso_8.2.2_650/lpcxpresso/tools/bin/../lib/gcc/arm-none-eabi/5.4.1/../../../../arm-none-eabi/lib/armv7-m/libcr_c.a(printf.o)
                0x0000000000003370                __vfprintf
 .text.ch_val   0x0000000000004098       0x30 /Applications/lpcxpresso_8.2.2_650/lpcxpresso/tools/bin/../lib/gcc/arm-none-eabi/5.4.1/../../../../arm-none-eabi/lib/armv7-m/libcr_c.a(scanf.o)
 .text.cr_rd_int
                0x00000000000040c8      0x1bc /Applications/lpcxpresso_8.2.2_650/lpcxpresso/tools/bin/../lib/gcc/arm-none-eabi/5.4.1/../../../../arm-none-eabi/lib/armv7-m/libcr_c.a(scanf.o)
 *fill*         0x0000000000004284        0x4 ff
 .text.vfscanf  0x0000000000004288      0x8dc /Applications/lpcxpresso_8.2.2_650/lpcxpresso/tools/bin/../lib/gcc/arm-none-eabi/5.4.1/../../../../arm-none-eabi/lib/armv7-m/libcr_c.a(scanf.o)
                0x0000000000004288                vfscanf
 .text.scanf    0x0000000000004b64       0x20 /Applications/lpcxpresso_8.2.2_650/lpcxpresso/tools/bin/../lib/gcc/arm-none-eabi/5.4.1/../../../../arm-none-eabi/lib/armv7-m/libcr_c.a(scanf.o)
                0x0000000000004b64                scanf
 .text.setvbuf  0x0000000000004b84       0x40 /Applications/lpcxpresso_8.2.2_650/lpcxpresso/tools/bin/../lib/gcc/arm-none-eabi/5.4.1/../../../../arm-none-eabi/lib/armv7-m/libcr_c.a(setvbuf.o)
                0x0000000000004b84                setvbuf
 .text.strlen   0x0000000000004bc4       0x4a /Applications/lpcxpresso_8.2.2_650/lpcxpresso/tools/bin/../lib/gcc/arm-none-eabi/5.4.1/../../../../arm-none-eabi/lib/armv7-m/libcr_c.a(strlen.o)
                0x0000000000004bc4                strlen
 .text.ungetc   0x0000000000004c0e       0x38 /Applications/lpcxpresso_8.2.2_650/lpcxpresso/tools/bin/../lib/gcc/arm-none-eabi/5.4.1/../../../../arm-none-eabi/lib/armv7-m/libcr_c.a(ungetc.o)
                0x0000000000004c0e                ungetc
 .text._Csys_read_
                0x0000000000004c46       0x22 /Applications/lpcxpresso_8.2.2_650/lpcxpresso/tools/bin/../lib/gcc/arm-none-eabi/5.4.1/../../../../arm-none-eabi/lib/armv7-m/libcr_c.a(__fillbuf.o)
                0x0000000000004c46                _Csys_read_
 .text.__filbuf
                0x0000000000004c68      0x178 /Applications/lpcxpresso_8.2.2_650/lpcxpresso/tools/bin/../lib/gcc/arm-none-eabi/5.4.1/../../../../arm-none-eabi/lib/armv7-m/libcr_c.a(__fillbuf.o)
                0x0000000000004c68                __filbuf
 .text._sbrk    0x0000000000004de0       0x40 /Applications/lpcxpresso_8.2.2_650/lpcxpresso/tools/bin/../lib/gcc/arm-none-eabi/5.4.1/../../../../arm-none-eabi/lib/armv7-m/libcr_c.a(_cr_sbrk.o)
                0x0000000000004de0                _sbrk
 .text._deferredlazyseek
                0x0000000000004e20       0x44 /Applications/lpcxpresso_8.2.2_650/lpcxpresso/tools/bin/../lib/gcc/arm-none-eabi/5.4.1/../../../../arm-none-eabi/lib/armv7-m/libcr_c.a(_deferredlazyseek.o)
                0x0000000000004e20                _deferredlazyseek
 .text.__flsbuf
                0x0000000000004e64      0x140 /Applications/lpcxpresso_8.2.2_650/lpcxpresso/tools/bin/../lib/gcc/arm-none-eabi/5.4.1/../../../../arm-none-eabi/lib/armv7-m/libcr_c.a(_deferredlazyseek.o)
                0x0000000000004e64                __flsbuf
 .text._fdopen  0x0000000000004fa4       0x6a /Applications/lpcxpresso_8.2.2_650/lpcxpresso/tools/bin/../lib/gcc/arm-none-eabi/5.4.1/../../../../arm-none-eabi/lib/armv7-m/libcr_c.a(_fdopen.o)
                0x0000000000004fa4                _fdopen
 .text._fflush  0x000000000000500e       0x58 /Applications/lpcxpresso_8.2.2_650/lpcxpresso/tools/bin/../lib/gcc/arm-none-eabi/5.4.1/../../../../arm-none-eabi/lib/armv7-m/libcr_c.a(_fflush.o)
                0x000000000000500e                _fflush
 .text._frexpl  0x0000000000005066       0x5a /Applications/lpcxpresso_8.2.2_650/lpcxpresso/tools/bin/../lib/gcc/arm-none-eabi/5.4.1/../../../../arm-none-eabi/lib/armv7-m/libcr_c.a(_frexpl.o)
                0x0000000000005066                _frexpl
 .text._ldexpl  0x00000000000050c0       0x4c /Applications/lpcxpresso_8.2.2_650/lpcxpresso/tools/bin/../lib/gcc/arm-none-eabi/5.4.1/../../../../arm-none-eabi/lib/armv7-m/libcr_c.a(_ldexpl.o)
                0x00000000000050c0                _ldexpl
 .text._Cwritebuf
                0x000000000000510c       0x68 /Applications/lpcxpresso_8.2.2_650/lpcxpresso/tools/bin/../lib/gcc/arm-none-eabi/5.4.1/../../../../arm-none-eabi/lib/armv7-m/libcr_c.a(_writebuf.o)
                0x000000000000510c                _Cwritebuf
 .text.fclose   0x0000000000005174       0x6c /Applications/lpcxpresso_8.2.2_650/lpcxpresso/tools/bin/../lib/gcc/arm-none-eabi/5.4.1/../../../../arm-none-eabi/lib/armv7-m/libcr_c.a(fclose.o)
                0x0000000000005174                fclose
 .text.fflush   0x00000000000051e0       0x30 /Applications/lpcxpresso_8.2.2_650/lpcxpresso/tools/bin/../lib/gcc/arm-none-eabi/5.4.1/../../../../arm-none-eabi/lib/armv7-m/libcr_c.a(fflush.o)
                0x00000000000051e0                fflush
 .text.fseek    0x0000000000005210      0x110 /Applications/lpcxpresso_8.2.2_650/lpcxpresso/tools/bin/../lib/gcc/arm-none-eabi/5.4.1/../../../../arm-none-eabi/lib/armv7-m/libcr_c.a(fseek.o)
                0x0000000000005210                fseek
 .text.ftell    0x0000000000005320       0x4c /Applications/lpcxpresso_8.2.2_650/lpcxpresso/tools/bin/../lib/gcc/arm-none-eabi/5.4.1/../../../../arm-none-eabi/lib/armv7-m/libcr_c.a(ftell.o)
                0x0000000000005320                ftell
 .text.remove   0x000000000000536c       0x14 /Applications/lpcxpresso_8.2.2_650/lpcxpresso/tools/bin/../lib/gcc/arm-none-eabi/5.4.1/../../../../arm-none-eabi/lib/armv7-m/libcr_c.a(remove.o)
                0x000000000000536c                remove
 .text.__check_heap_overflow
                0x0000000000005380       0x18 /Applications/lpcxpresso_8.2.2_650/lpcxpresso/tools/bin/../lib/gcc/arm-none-eabi/5.4.1/../../../../arm-none-eabi/lib/armv7-m/libcr_c.a(_cr_check_heap.o)
                0x0000000000005380                __check_heap_overflow
 .text._do_fflush
                0x0000000000005398       0x44 /Applications/lpcxpresso_8.2.2_650/lpcxpresso/tools/bin/../lib/gcc/arm-none-eabi/5.4.1/../../../../arm-none-eabi/lib/armv7-m/libcr_c.a(_do_fflush.o)
                0x0000000000005398                _do_fflush
 .text.__aeabi_dmul
                0x00000000000053dc      0x110 /Applications/lpcxpresso_8.2.2_650/lpcxpresso/tools/bin/../lib/gcc/arm-none-eabi/5.4.1/armv7-m/libcr_eabihelpers.a(double.o)
                0x00000000000053dc                __aeabi_dmul
 .text.__aeabi_ddiv
                0x00000000000054ec      0x138 /Applications/lpcxpresso_8.2.2_650/lpcxpresso/tools/bin/../lib/gcc/arm-none-eabi/5.4.1/armv7-m/libcr_eabihelpers.a(double.o)
                0x00000000000054ec                __aeabi_ddiv
 .text.__aeabi_dsub
                0x0000000000005624      0x1a0 /Applications/lpcxpresso_8.2.2_650/lpcxpresso/tools/bin/../lib/gcc/arm-none-eabi/5.4.1/armv7-m/libcr_eabihelpers.a(double.o)
                0x0000000000005624                __aeabi_dsub
 .text.__aeabi_dadd
                0x00000000000057c4      0x10c /Applications/lpcxpresso_8.2.2_650/lpcxpresso/tools/bin/../lib/gcc/arm-none-eabi/5.4.1/armv7-m/libcr_eabihelpers.a(double.o)
                0x00000000000057c4                __aeabi_dadd
 .text.__aeabi_d2f
                0x00000000000058d0       0x54 /Applications/lpcxpresso_8.2.2_650/lpcxpresso/tools/bin/../lib/gcc/arm-none-eabi/5.4.1/armv7-m/libcr_eabihelpers.a(double.o)
                0x00000000000058d0                __aeabi_d2f
 .text.__aeabi_d2iz
                0x0000000000005924       0x40 /Applications/lpcxpresso_8.2.2_650/lpcxpresso/tools/bin/../lib/gcc/arm-none-eabi/5.4.1/armv7-m/libcr_eabihelpers.a(double.o)
                0x0000000000005924                __aeabi_d2iz
 .text.__bhs_ui2d
                0x0000000000005964       0x46 /Applications/lpcxpresso_8.2.2_650/lpcxpresso/tools/bin/../lib/gcc/arm-none-eabi/5.4.1/armv7-m/libcr_eabihelpers.a(double.o)
                0x0000000000005964                __bhs_ui2d
 .text.__aeabi_i2d
                0x00000000000059aa       0x10 /Applications/lpcxpresso_8.2.2_650/lpcxpresso/tools/bin/../lib/gcc/arm-none-eabi/5.4.1/armv7-m/libcr_eabihelpers.a(double.o)
                0x00000000000059aa                __aeabi_i2d
 .text.__aeabi_dcmpeq
                0x00000000000059ba       0x2c /Applications/lpcxpresso_8.2.2_650/lpcxpresso/tools/bin/../lib/gcc/arm-none-eabi/5.4.1/armv7-m/libcr_eabihelpers.a(double.o)
                0x00000000000059ba                __aeabi_dcmpeq
 .text.__aeabi_dcmplt
                0x00000000000059e6       0x54 /Applications/lpcxpresso_8.2.2_650/lpcxpresso/tools/bin/../lib/gcc/arm-none-eabi/5.4.1/armv7-m/libcr_eabihelpers.a(double.o)
                0x00000000000059e6                __aeabi_dcmplt
 .text.__aeabi_dcmple
                0x0000000000005a3a       0x54 /Applications/lpcxpresso_8.2.2_650/lpcxpresso/tools/bin/../lib/gcc/arm-none-eabi/5.4.1/armv7-m/libcr_eabihelpers.a(double.o)
                0x0000000000005a3a                __aeabi_dcmple
 .text.__aeabi_dcmpge
                0x0000000000005a8e       0x54 /Applications/lpcxpresso_8.2.2_650/lpcxpresso/tools/bin/../lib/gcc/arm-none-eabi/5.4.1/armv7-m/libcr_eabihelpers.a(double.o)
                0x0000000000005a8e                __aeabi_dcmpge
 .text.__aeabi_memset_lowlevel
                0x0000000000005ae2       0x32 /Applications/lpcxpresso_8.2.2_650/lpcxpresso/tools/bin/../lib/gcc/arm-none-eabi/5.4.1/armv7-m/libcr_eabihelpers.a(memcpy.o)
                0x0000000000005ae2                __aeabi_lowlevel_memset
 .text.__sys_appexit
                0x0000000000005b14        0xc /Applications/lpcxpresso_8.2.2_650/lpcxpresso/tools/bin/../lib/gcc/arm-none-eabi/5.4.1/../../../../arm-none-eabi/lib/armv7-m/libcr_semihost.a(__sys_appexit.o)
                0x0000000000005b14                __exit
                0x0000000000005b14                __sys_appexit
 .text.__sys_close
                0x0000000000005b20        0xc /Applications/lpcxpresso_8.2.2_650/lpcxpresso/tools/bin/../lib/gcc/arm-none-eabi/5.4.1/../../../../arm-none-eabi/lib/armv7-m/libcr_semihost.a(__sys_close.o)
                0x0000000000005b20                __sys_close
 .text.__sys_flen
                0x0000000000005b2c        0xc /Applications/lpcxpresso_8.2.2_650/lpcxpresso/tools/bin/../lib/gcc/arm-none-eabi/5.4.1/../../../../arm-none-eabi/lib/armv7-m/libcr_semihost.a(__sys_flen.o)
                0x0000000000005b2c                __sys_flen
 .text.__sys_istty
                0x0000000000005b38        0xc /Applications/lpcxpresso_8.2.2_650/lpcxpresso/tools/bin/../lib/gcc/arm-none-eabi/5.4.1/../../../../arm-none-eabi/lib/armv7-m/libcr_semihost.a(__sys_istty.o)
                0x0000000000005b38                __sys_istty
 .text.__sys_read
                0x0000000000005b44        0xc /Applications/lpcxpresso_8.2.2_650/lpcxpresso/tools/bin/../lib/gcc/arm-none-eabi/5.4.1/../../../../arm-none-eabi/lib/armv7-m/libcr_semihost.a(__sys_read.o)
                0x0000000000005b44                __sys_read
 .text.__sys_readc
                0x0000000000005b50        0x8 /Applications/lpcxpresso_8.2.2_650/lpcxpresso/tools/bin/../lib/gcc/arm-none-eabi/5.4.1/../../../../arm-none-eabi/lib/armv7-m/libcr_semihost.a(__sys_readc.o)
                0x0000000000005b50                __readc
                0x0000000000005b50                __sys_readc
 .text.__sys_remove
                0x0000000000005b58        0xc /Applications/lpcxpresso_8.2.2_650/lpcxpresso/tools/bin/../lib/gcc/arm-none-eabi/5.4.1/../../../../arm-none-eabi/lib/armv7-m/libcr_semihost.a(__sys_remove.o)
                0x0000000000005b58                __sys_remove
 .text.__sys_seek
                0x0000000000005b64        0xc /Applications/lpcxpresso_8.2.2_650/lpcxpresso/tools/bin/../lib/gcc/arm-none-eabi/5.4.1/../../../../arm-none-eabi/lib/armv7-m/libcr_semihost.a(__sys_seek.o)
                0x0000000000005b64                __sys_seek
 .text.__sys_tmpnam
                0x0000000000005b70        0xc /Applications/lpcxpresso_8.2.2_650/lpcxpresso/tools/bin/../lib/gcc/arm-none-eabi/5.4.1/../../../../arm-none-eabi/lib/armv7-m/libcr_semihost.a(__sys_tmpnam.o)
                0x0000000000005b70                __sys_tmpnam
 .text.__sys_write
                0x0000000000005b7c        0xc /Applications/lpcxpresso_8.2.2_650/lpcxpresso/tools/bin/../lib/gcc/arm-none-eabi/5.4.1/../../../../arm-none-eabi/lib/armv7-m/libcr_semihost.a(__sys_write.o)
                0x0000000000005b7c                __write
                0x0000000000005b7c                __sys_write
 *(.rodata .rodata.* .constdata .constdata.*)
 .rodata        0x0000000000005b88        0x5 ./freertos/src/tasks.o
 *fill*         0x0000000000005b8d        0x3 ff
 .rodata        0x0000000000005b90      0x2a7 ./example/src/freertos_blinky.o
 *fill*         0x0000000000005e37        0x1 ff
 .rodata.OscRateIn
                0x0000000000005e38        0x4 /Users/eltonleung/Dropbox/SJSU MSCMPE/Fall 16'/CMPE 245 Wireless Communication/LPCXpresso Projects Workspace/lpc_board_nxp_lpcxpresso_1769/Debug/liblpc_board_nxp_lpcxpresso_1769.a(board.o)
                0x0000000000005e38                OscRateIn
 .rodata.RTCOscRateIn
                0x0000000000005e3c        0x4 /Users/eltonleung/Dropbox/SJSU MSCMPE/Fall 16'/CMPE 245 Wireless Communication/LPCXpresso Projects Workspace/lpc_board_nxp_lpcxpresso_1769/Debug/liblpc_board_nxp_lpcxpresso_1769.a(board.o)
                0x0000000000005e3c                RTCOscRateIn
 .rodata.pinmuxing
                0x0000000000005e40       0x5c /Users/eltonleung/Dropbox/SJSU MSCMPE/Fall 16'/CMPE 245 Wireless Communication/LPCXpresso Projects Workspace/lpc_board_nxp_lpcxpresso_1769/Debug/liblpc_board_nxp_lpcxpresso_1769.a(board_sysinit.o)
 .rodata.str1.1
                0x0000000000005e9c       0x18 /Applications/lpcxpresso_8.2.2_650/lpcxpresso/tools/bin/../lib/gcc/arm-none-eabi/5.4.1/../../../../arm-none-eabi/lib/armv7-m/libcr_c.a(alloc.o)
 .rodata.str1.1
                0x0000000000005eb4       0x34 /Applications/lpcxpresso_8.2.2_650/lpcxpresso/tools/bin/../lib/gcc/arm-none-eabi/5.4.1/../../../../arm-none-eabi/lib/armv7-m/libcr_c.a(fpprintf.o)
                                         0x35 (size before relaxing)
 .rodata.str1.1
                0x0000000000005ee8        0x4 /Applications/lpcxpresso_8.2.2_650/lpcxpresso/tools/bin/../lib/gcc/arm-none-eabi/5.4.1/../../../../arm-none-eabi/lib/armv7-m/libcr_c.a(initio.o)
 .rodata.str1.1
                0x0000000000005eec       0x31 /Applications/lpcxpresso_8.2.2_650/lpcxpresso/tools/bin/../lib/gcc/arm-none-eabi/5.4.1/../../../../arm-none-eabi/lib/armv7-m/libcr_c.a(printf.o)
                                         0x38 (size before relaxing)
 *fill*         0x0000000000005f1d        0x3 ff
 .rodata.__huge_vall
                0x0000000000005f20        0x8 /Applications/lpcxpresso_8.2.2_650/lpcxpresso/tools/bin/../lib/gcc/arm-none-eabi/5.4.1/../../../../arm-none-eabi/lib/armv7-m/libcr_c.a(_hugeval.o)
                0x0000000000005f20                __huge_vall
 .rodata.__ctype
                0x0000000000005f28      0x180 /Applications/lpcxpresso_8.2.2_650/lpcxpresso/tools/bin/../lib/gcc/arm-none-eabi/5.4.1/../../../../arm-none-eabi/lib/armv7-m/libcr_c.a(ctype.o)
                0x0000000000005f28                __ctype
                0x00000000000060a8                . = ALIGN (0x4)

.glue_7         0x00000000000060a8        0x0
 .glue_7        0x00000000000060a8        0x0 linker stubs

.glue_7t        0x00000000000060a8        0x0
 .glue_7t       0x00000000000060a8        0x0 linker stubs

.vfp11_veneer   0x00000000000060a8        0x0
 .vfp11_veneer  0x00000000000060a8        0x0 linker stubs

.v4_bx          0x00000000000060a8        0x0
 .v4_bx         0x00000000000060a8        0x0 linker stubs

.iplt           0x00000000000060a8        0x0
 .iplt          0x00000000000060a8        0x0 ./freertos/src/FreeRTOSCommonHooks.o

.rel.dyn        0x00000000000060a8        0x0
 .rel.iplt      0x00000000000060a8        0x0 ./freertos/src/FreeRTOSCommonHooks.o

.ARM.extab
 *(.ARM.extab* .gnu.linkonce.armextab.*)
                0x00000000000060a8                __exidx_start = .

.ARM.exidx
 *(.ARM.exidx* .gnu.linkonce.armexidx.*)
                0x00000000000060a8                __exidx_end = .
                0x00000000000060a8                _etext = .

.data_RAM2      0x000000002007c000        0x0 load address 0x00000000000060a8
 FILL mask 0xff
                [!provide]                        PROVIDE (__start_data_RAM2, .)
 *(.ramfunc.$RAM2)
 *(.ramfunc.$RamAHB32)
 *(.data.$RAM2*)
 *(.data.$RamAHB32*)
                0x000000002007c000                . = ALIGN (0x4)
                [!provide]                        PROVIDE (__end_data_RAM2, .)

.uninit_RESERVED
                0x0000000010000000        0x0
 *(.bss.$RESERVED*)
                0x0000000010000000                . = ALIGN (0x4)
                0x0000000010000000                _end_uninit_RESERVED = .

.data           0x0000000010000000      0x1e8 load address 0x00000000000060a8
 FILL mask 0xff
                0x0000000010000000                _data = .
 *(vtable)
 *(.ramfunc*)
 *(.data*)
 .data.uxCriticalNesting
                0x0000000010000000        0x4 ./freertos/src/port.o
 .data.xNextTaskUnblockTime
                0x0000000010000004        0x4 ./freertos/src/tasks.o
 .data.G        0x0000000010000008       0x60 ./example/src/freertos_blinky.o
                0x0000000010000008                G
 .data.H        0x0000000010000068       0x30 ./example/src/freertos_blinky.o
                0x0000000010000068                H
 .data.message  0x0000000010000098        0x4 ./example/src/freertos_blinky.o
                0x0000000010000098                message
 .data.ackMessage
                0x000000001000009c        0x4 ./example/src/freertos_blinky.o
                0x000000001000009c                ackMessage
 .data.endSequence
                0x00000000100000a0       0x20 ./example/src/freertos_blinky.o
                0x00000000100000a0                endSequence
 .data.patternField
                0x00000000100000c0       0x20 ./example/src/freertos_blinky.o
                0x00000000100000c0                patternField
 .data.syncField
                0x00000000100000e0      0x100 ./example/src/freertos_blinky.o
                0x00000000100000e0                syncField
 .data.posinf.4427
                0x00000000100001e0        0x4 /Applications/lpcxpresso_8.2.2_650/lpcxpresso/tools/bin/../lib/gcc/arm-none-eabi/5.4.1/../../../../arm-none-eabi/lib/armv7-m/libcr_c.a(scanf.o)
 .data.neginf.4428
                0x00000000100001e4        0x4 /Applications/lpcxpresso_8.2.2_650/lpcxpresso/tools/bin/../lib/gcc/arm-none-eabi/5.4.1/../../../../arm-none-eabi/lib/armv7-m/libcr_c.a(scanf.o)
                0x00000000100001e8                . = ALIGN (0x4)
                0x00000000100001e8                _edata = .

.igot.plt       0x00000000100001e8        0x0 load address 0x0000000000006290
 .igot.plt      0x00000000100001e8        0x0 ./freertos/src/FreeRTOSCommonHooks.o

.bss_RAM2       0x000000002007c000        0x0
                [!provide]                        PROVIDE (__start_bss_RAM2, .)
 *(.bss.$RAM2*)
 *(.bss.$RamAHB32*)
                0x000000002007c000                . = ALIGN ((. != 0x0)?0x4:0x1)
                [!provide]                        PROVIDE (__end_bss_RAM2, .)

.bss            0x00000000100001e8     0x2450
                0x00000000100001e8                _bss = .
 *(.bss*)
 .bss.ulTimerCountsForOneTick
                0x00000000100001e8        0x4 ./freertos/src/port.o
 .bss.xMaximumPossibleSuppressedTicks
                0x00000000100001ec        0x4 ./freertos/src/port.o
 .bss.ulStoppedTimerCompensation
                0x00000000100001f0        0x4 ./freertos/src/port.o
 .bss.pxCurrentTCB
                0x00000000100001f4        0x4 ./freertos/src/tasks.o
                0x00000000100001f4                pxCurrentTCB
 .bss.pxReadyTasksLists
                0x00000000100001f8       0xa0 ./freertos/src/tasks.o
 .bss.xDelayedTaskList1
                0x0000000010000298       0x14 ./freertos/src/tasks.o
 .bss.xDelayedTaskList2
                0x00000000100002ac       0x14 ./freertos/src/tasks.o
 .bss.pxDelayedTaskList
                0x00000000100002c0        0x4 ./freertos/src/tasks.o
 .bss.pxOverflowDelayedTaskList
                0x00000000100002c4        0x4 ./freertos/src/tasks.o
 .bss.xPendingReadyList
                0x00000000100002c8       0x14 ./freertos/src/tasks.o
 .bss.xTasksWaitingTermination
                0x00000000100002dc       0x14 ./freertos/src/tasks.o
 .bss.uxTasksDeleted
                0x00000000100002f0        0x4 ./freertos/src/tasks.o
 .bss.xSuspendedTaskList
                0x00000000100002f4       0x14 ./freertos/src/tasks.o
 .bss.uxCurrentNumberOfTasks
                0x0000000010000308        0x4 ./freertos/src/tasks.o
 .bss.xTickCount
                0x000000001000030c        0x4 ./freertos/src/tasks.o
 .bss.uxTopReadyPriority
                0x0000000010000310        0x4 ./freertos/src/tasks.o
 .bss.xSchedulerRunning
                0x0000000010000314        0x4 ./freertos/src/tasks.o
 .bss.uxSchedulerSuspended
                0x0000000010000318        0x4 ./freertos/src/tasks.o
 .bss.uxPendedTicks
                0x000000001000031c        0x4 ./freertos/src/tasks.o
 .bss.xYieldPending
                0x0000000010000320        0x4 ./freertos/src/tasks.o
 .bss.xNumOfOverflows
                0x0000000010000324        0x4 ./freertos/src/tasks.o
 .bss.uxTaskNumber
                0x0000000010000328        0x4 ./freertos/src/tasks.o
 .bss.C         0x000000001000032c        0xc ./example/src/freertos_blinky.o
                0x000000001000032c                C
 .bss.subArr    0x0000000010000338        0x8 ./example/src/freertos_blinky.o
                0x0000000010000338                subArr
 .bss._extra    0x0000000010000340        0x4 /Applications/lpcxpresso_8.2.2_650/lpcxpresso/tools/bin/../lib/gcc/arm-none-eabi/5.4.1/../../../../arm-none-eabi/lib/armv7-m/libcr_c.a(initio.o)
                0x0000000010000340                _extra
 .bss.__Ciob    0x0000000010000344      0x140 /Applications/lpcxpresso_8.2.2_650/lpcxpresso/tools/bin/../lib/gcc/arm-none-eabi/5.4.1/../../../../arm-none-eabi/lib/armv7-m/libcr_c.a(stdio.o)
                0x0000000010000344                __Ciob
 .bss.__heaps   0x0000000010000484        0x4 /Applications/lpcxpresso_8.2.2_650/lpcxpresso/tools/bin/../lib/gcc/arm-none-eabi/5.4.1/../../../../arm-none-eabi/lib/armv7-m/libcr_c.a(__init_alloc.o)
                0x0000000010000484                __heaps
 .bss.__end_of_heap
                0x0000000010000488        0x4 /Applications/lpcxpresso_8.2.2_650/lpcxpresso/tools/bin/../lib/gcc/arm-none-eabi/5.4.1/../../../../arm-none-eabi/lib/armv7-m/libcr_c.a(__init_alloc.o)
                0x0000000010000488                __end_of_heap
 .bss.errno     0x000000001000048c        0x4 /Applications/lpcxpresso_8.2.2_650/lpcxpresso/tools/bin/../lib/gcc/arm-none-eabi/5.4.1/../../../../arm-none-eabi/lib/armv7-m/libcr_c.a(errno.o)
                0x000000001000048c                errno
 *(COMMON)
 COMMON         0x0000000010000490     0x21a4 ./example/src/freertos_blinky.o
                0x0000000010000490                twelveBits
                0x000000001000049c                unscrambledPayload
                0x000000001000059c                bufferArray
                0x00000000100024dc                encodedPayload
                0x0000000010002500                destination
                0x0000000010002504                syndromeWord
                0x0000000010002508                descrambleOrder
                0x000000001000250c                scrambleOrder
                0x0000000010002510                source
                0x0000000010002514                payLoad
                0x0000000010002534                payLoadToSend
 COMMON         0x0000000010002634        0x4 /Users/eltonleung/Dropbox/SJSU MSCMPE/Fall 16'/CMPE 245 Wireless Communication/LPCXpresso Projects Workspace/lpc_chip_175x_6x/Debug/liblpc_chip_175x_6x.a(chip_17xx_40xx.o)
                0x0000000010002634                SystemCoreClock
                0x0000000010002638                . = ALIGN (0x4)
                0x0000000010002638                _ebss = .
                [!provide]                        PROVIDE (end, .)

.noinit_RAM2    0x000000002007c000        0x0
 *(.noinit.$RAM2*)
 *(.noinit.$RamAHB32*)
                0x000000002007c000                . = ALIGN (0x4)

.noinit         0x0000000010002638        0x0
                0x0000000010002638                _noinit = .
 *(.noinit*)
                0x0000000010002638                . = ALIGN (0x4)
                0x0000000010002638                _end_noinit = .
                0x0000000010002638                PROVIDE (_pvHeapStart, DEFINED (__user_heap_base)?__user_heap_base:.)
                0x0000000010008000                PROVIDE (_vStackTop, DEFINED (__user_stack_top)?__user_stack_top:(__top_RamLoc32 - 0x0))
                [!provide]                        PROVIDE (__valid_user_code_checksum, (0x0 - ((((((_vStackTop + (ResetISR + 0x1)) + (NMI_Handler + 0x1)) + (HardFault_Handler + 0x1)) + (DEFINED (MemManage_Handler)?MemManage_Handler:0x0 + 0x1)) + (DEFINED (BusFault_Handler)?BusFault_Handler:0x0 + 0x1)) + (DEFINED (UsageFault_Handler)?UsageFault_Handler:0x0 + 0x1))))
OUTPUT(freertos_blinky.axf elf32-littlearm)

.debug_info     0x0000000000000000     0x5cb5
 .debug_info    0x0000000000000000      0x19f ./freertos/src/FreeRTOSCommonHooks.o
 .debug_info    0x000000000000019f      0x134 ./freertos/src/heap_3.o
 .debug_info    0x00000000000002d3      0x2cf ./freertos/src/list.o
 .debug_info    0x00000000000005a2      0x3d8 ./freertos/src/port.o
 .debug_info    0x000000000000097a     0x11fb ./freertos/src/tasks.o
 .debug_info    0x0000000000001b75      0x250 ./example/src/cr_startup_lpc175x_6x.o
 .debug_info    0x0000000000001dc5      0xd50 ./example/src/freertos_blinky.o
 .debug_info    0x0000000000002b15      0x110 ./example/src/sysinit.o
 .debug_info    0x0000000000002c25     0x135d /Users/eltonleung/Dropbox/SJSU MSCMPE/Fall 16'/CMPE 245 Wireless Communication/LPCXpresso Projects Workspace/lpc_board_nxp_lpcxpresso_1769/Debug/liblpc_board_nxp_lpcxpresso_1769.a(board.o)
 .debug_info    0x0000000000003f82      0x591 /Users/eltonleung/Dropbox/SJSU MSCMPE/Fall 16'/CMPE 245 Wireless Communication/LPCXpresso Projects Workspace/lpc_board_nxp_lpcxpresso_1769/Debug/liblpc_board_nxp_lpcxpresso_1769.a(board_sysinit.o)
 .debug_info    0x0000000000004513      0x51e /Users/eltonleung/Dropbox/SJSU MSCMPE/Fall 16'/CMPE 245 Wireless Communication/LPCXpresso Projects Workspace/lpc_chip_175x_6x/Debug/liblpc_chip_175x_6x.a(chip_17xx_40xx.o)
 .debug_info    0x0000000000004a31      0xb62 /Users/eltonleung/Dropbox/SJSU MSCMPE/Fall 16'/CMPE 245 Wireless Communication/LPCXpresso Projects Workspace/lpc_chip_175x_6x/Debug/liblpc_chip_175x_6x.a(clock_17xx_40xx.o)
 .debug_info    0x0000000000005593      0x2e9 /Users/eltonleung/Dropbox/SJSU MSCMPE/Fall 16'/CMPE 245 Wireless Communication/LPCXpresso Projects Workspace/lpc_chip_175x_6x/Debug/liblpc_chip_175x_6x.a(iocon_17xx_40xx.o)
 .debug_info    0x000000000000587c      0x439 /Users/eltonleung/Dropbox/SJSU MSCMPE/Fall 16'/CMPE 245 Wireless Communication/LPCXpresso Projects Workspace/lpc_chip_175x_6x/Debug/liblpc_chip_175x_6x.a(sysinit_17xx_40xx.o)

.debug_abbrev   0x0000000000000000     0x1744
 .debug_abbrev  0x0000000000000000      0x129 ./freertos/src/FreeRTOSCommonHooks.o
 .debug_abbrev  0x0000000000000129       0xd4 ./freertos/src/heap_3.o
 .debug_abbrev  0x00000000000001fd       0xec ./freertos/src/list.o
 .debug_abbrev  0x00000000000002e9      0x1df ./freertos/src/port.o
 .debug_abbrev  0x00000000000004c8      0x246 ./freertos/src/tasks.o
 .debug_abbrev  0x000000000000070e       0xf5 ./example/src/cr_startup_lpc175x_6x.o
 .debug_abbrev  0x0000000000000803      0x315 ./example/src/freertos_blinky.o
 .debug_abbrev  0x0000000000000b18       0xa3 ./example/src/sysinit.o
 .debug_abbrev  0x0000000000000bbb      0x36a /Users/eltonleung/Dropbox/SJSU MSCMPE/Fall 16'/CMPE 245 Wireless Communication/LPCXpresso Projects Workspace/lpc_board_nxp_lpcxpresso_1769/Debug/liblpc_board_nxp_lpcxpresso_1769.a(board.o)
 .debug_abbrev  0x0000000000000f25      0x15c /Users/eltonleung/Dropbox/SJSU MSCMPE/Fall 16'/CMPE 245 Wireless Communication/LPCXpresso Projects Workspace/lpc_board_nxp_lpcxpresso_1769/Debug/liblpc_board_nxp_lpcxpresso_1769.a(board_sysinit.o)
 .debug_abbrev  0x0000000000001081      0x13c /Users/eltonleung/Dropbox/SJSU MSCMPE/Fall 16'/CMPE 245 Wireless Communication/LPCXpresso Projects Workspace/lpc_chip_175x_6x/Debug/liblpc_chip_175x_6x.a(chip_17xx_40xx.o)
 .debug_abbrev  0x00000000000011bd      0x2ec /Users/eltonleung/Dropbox/SJSU MSCMPE/Fall 16'/CMPE 245 Wireless Communication/LPCXpresso Projects Workspace/lpc_chip_175x_6x/Debug/liblpc_chip_175x_6x.a(clock_17xx_40xx.o)
 .debug_abbrev  0x00000000000014a9      0x126 /Users/eltonleung/Dropbox/SJSU MSCMPE/Fall 16'/CMPE 245 Wireless Communication/LPCXpresso Projects Workspace/lpc_chip_175x_6x/Debug/liblpc_chip_175x_6x.a(iocon_17xx_40xx.o)
 .debug_abbrev  0x00000000000015cf      0x175 /Users/eltonleung/Dropbox/SJSU MSCMPE/Fall 16'/CMPE 245 Wireless Communication/LPCXpresso Projects Workspace/lpc_chip_175x_6x/Debug/liblpc_chip_175x_6x.a(sysinit_17xx_40xx.o)

.debug_aranges  0x0000000000000000      0x788
 .debug_aranges
                0x0000000000000000       0x40 ./freertos/src/FreeRTOSCommonHooks.o
 .debug_aranges
                0x0000000000000040       0x28 ./freertos/src/heap_3.o
 .debug_aranges
                0x0000000000000068       0x40 ./freertos/src/list.o
 .debug_aranges
                0x00000000000000a8       0x90 ./freertos/src/port.o
 .debug_aranges
                0x0000000000000138      0x170 ./freertos/src/tasks.o
 .debug_aranges
                0x00000000000002a8       0x80 ./example/src/cr_startup_lpc175x_6x.o
 .debug_aranges
                0x0000000000000328       0xd0 ./example/src/freertos_blinky.o
 .debug_aranges
                0x00000000000003f8       0x20 ./example/src/sysinit.o
 .debug_aranges
                0x0000000000000418      0x150 /Users/eltonleung/Dropbox/SJSU MSCMPE/Fall 16'/CMPE 245 Wireless Communication/LPCXpresso Projects Workspace/lpc_board_nxp_lpcxpresso_1769/Debug/liblpc_board_nxp_lpcxpresso_1769.a(board.o)
 .debug_aranges
                0x0000000000000568       0x38 /Users/eltonleung/Dropbox/SJSU MSCMPE/Fall 16'/CMPE 245 Wireless Communication/LPCXpresso Projects Workspace/lpc_board_nxp_lpcxpresso_1769/Debug/liblpc_board_nxp_lpcxpresso_1769.a(board_sysinit.o)
 .debug_aranges
                0x00000000000005a0       0x38 /Users/eltonleung/Dropbox/SJSU MSCMPE/Fall 16'/CMPE 245 Wireless Communication/LPCXpresso Projects Workspace/lpc_chip_175x_6x/Debug/liblpc_chip_175x_6x.a(chip_17xx_40xx.o)
 .debug_aranges
                0x00000000000005d8      0x120 /Users/eltonleung/Dropbox/SJSU MSCMPE/Fall 16'/CMPE 245 Wireless Communication/LPCXpresso Projects Workspace/lpc_chip_175x_6x/Debug/liblpc_chip_175x_6x.a(clock_17xx_40xx.o)
 .debug_aranges
                0x00000000000006f8       0x30 /Users/eltonleung/Dropbox/SJSU MSCMPE/Fall 16'/CMPE 245 Wireless Communication/LPCXpresso Projects Workspace/lpc_chip_175x_6x/Debug/liblpc_chip_175x_6x.a(iocon_17xx_40xx.o)
 .debug_aranges
                0x0000000000000728       0x60 /Users/eltonleung/Dropbox/SJSU MSCMPE/Fall 16'/CMPE 245 Wireless Communication/LPCXpresso Projects Workspace/lpc_chip_175x_6x/Debug/liblpc_chip_175x_6x.a(sysinit_17xx_40xx.o)

.debug_ranges   0x0000000000000000      0x6a8
 .debug_ranges  0x0000000000000000       0x30 ./freertos/src/FreeRTOSCommonHooks.o
 .debug_ranges  0x0000000000000030       0x18 ./freertos/src/heap_3.o
 .debug_ranges  0x0000000000000048       0x30 ./freertos/src/list.o
 .debug_ranges  0x0000000000000078       0x80 ./freertos/src/port.o
 .debug_ranges  0x00000000000000f8      0x160 ./freertos/src/tasks.o
 .debug_ranges  0x0000000000000258       0x70 ./example/src/cr_startup_lpc175x_6x.o
 .debug_ranges  0x00000000000002c8       0xc0 ./example/src/freertos_blinky.o
 .debug_ranges  0x0000000000000388       0x10 ./example/src/sysinit.o
 .debug_ranges  0x0000000000000398      0x140 /Users/eltonleung/Dropbox/SJSU MSCMPE/Fall 16'/CMPE 245 Wireless Communication/LPCXpresso Projects Workspace/lpc_board_nxp_lpcxpresso_1769/Debug/liblpc_board_nxp_lpcxpresso_1769.a(board.o)
 .debug_ranges  0x00000000000004d8       0x28 /Users/eltonleung/Dropbox/SJSU MSCMPE/Fall 16'/CMPE 245 Wireless Communication/LPCXpresso Projects Workspace/lpc_board_nxp_lpcxpresso_1769/Debug/liblpc_board_nxp_lpcxpresso_1769.a(board_sysinit.o)
 .debug_ranges  0x0000000000000500       0x28 /Users/eltonleung/Dropbox/SJSU MSCMPE/Fall 16'/CMPE 245 Wireless Communication/LPCXpresso Projects Workspace/lpc_chip_175x_6x/Debug/liblpc_chip_175x_6x.a(chip_17xx_40xx.o)
 .debug_ranges  0x0000000000000528      0x110 /Users/eltonleung/Dropbox/SJSU MSCMPE/Fall 16'/CMPE 245 Wireless Communication/LPCXpresso Projects Workspace/lpc_chip_175x_6x/Debug/liblpc_chip_175x_6x.a(clock_17xx_40xx.o)
 .debug_ranges  0x0000000000000638       0x20 /Users/eltonleung/Dropbox/SJSU MSCMPE/Fall 16'/CMPE 245 Wireless Communication/LPCXpresso Projects Workspace/lpc_chip_175x_6x/Debug/liblpc_chip_175x_6x.a(iocon_17xx_40xx.o)
 .debug_ranges  0x0000000000000658       0x50 /Users/eltonleung/Dropbox/SJSU MSCMPE/Fall 16'/CMPE 245 Wireless Communication/LPCXpresso Projects Workspace/lpc_chip_175x_6x/Debug/liblpc_chip_175x_6x.a(sysinit_17xx_40xx.o)

.debug_macro    0x0000000000000000     0x6798
 .debug_macro   0x0000000000000000      0x29c ./freertos/src/FreeRTOSCommonHooks.o
 .debug_macro   0x000000000000029c      0x88c ./freertos/src/FreeRTOSCommonHooks.o
 .debug_macro   0x0000000000000b28       0x10 ./freertos/src/FreeRTOSCommonHooks.o
 .debug_macro   0x0000000000000b38      0x12d ./freertos/src/FreeRTOSCommonHooks.o
 .debug_macro   0x0000000000000c65       0x16 ./freertos/src/FreeRTOSCommonHooks.o
 .debug_macro   0x0000000000000c7b       0x46 ./freertos/src/FreeRTOSCommonHooks.o
 .debug_macro   0x0000000000000cc1      0x5b2 ./freertos/src/FreeRTOSCommonHooks.o
 .debug_macro   0x0000000000001273       0x22 ./freertos/src/FreeRTOSCommonHooks.o
 .debug_macro   0x0000000000001295       0x74 ./freertos/src/FreeRTOSCommonHooks.o
 .debug_macro   0x0000000000001309       0x10 ./freertos/src/FreeRTOSCommonHooks.o
 .debug_macro   0x0000000000001319       0x2d ./freertos/src/FreeRTOSCommonHooks.o
 .debug_macro   0x0000000000001346       0x3a ./freertos/src/FreeRTOSCommonHooks.o
 .debug_macro   0x0000000000001380       0x2d ./freertos/src/FreeRTOSCommonHooks.o
 .debug_macro   0x00000000000013ad      0xbb1 ./freertos/src/FreeRTOSCommonHooks.o
 .debug_macro   0x0000000000001f5e      0x22c ./freertos/src/FreeRTOSCommonHooks.o
 .debug_macro   0x000000000000218a       0x42 ./freertos/src/FreeRTOSCommonHooks.o
 .debug_macro   0x00000000000021cc       0x52 ./freertos/src/FreeRTOSCommonHooks.o
 .debug_macro   0x000000000000221e       0x78 ./freertos/src/FreeRTOSCommonHooks.o
 .debug_macro   0x0000000000002296       0x82 ./freertos/src/FreeRTOSCommonHooks.o
 .debug_macro   0x0000000000002318      0x48c ./freertos/src/FreeRTOSCommonHooks.o
 .debug_macro   0x00000000000027a4       0x34 ./freertos/src/FreeRTOSCommonHooks.o
 .debug_macro   0x00000000000027d8      0x4c5 ./freertos/src/FreeRTOSCommonHooks.o
 .debug_macro   0x0000000000002c9d      0x1b7 ./freertos/src/FreeRTOSCommonHooks.o
 .debug_macro   0x0000000000002e54       0x10 ./freertos/src/FreeRTOSCommonHooks.o
 .debug_macro   0x0000000000002e64      0x21b ./freertos/src/FreeRTOSCommonHooks.o
 .debug_macro   0x000000000000307f      0x1b9 ./freertos/src/FreeRTOSCommonHooks.o
 .debug_macro   0x0000000000003238       0x40 ./freertos/src/FreeRTOSCommonHooks.o
 .debug_macro   0x0000000000003278       0x22 ./freertos/src/FreeRTOSCommonHooks.o
 .debug_macro   0x000000000000329a      0x162 ./freertos/src/FreeRTOSCommonHooks.o
 .debug_macro   0x00000000000033fc       0x94 ./freertos/src/FreeRTOSCommonHooks.o
 .debug_macro   0x0000000000003490       0xb8 ./freertos/src/FreeRTOSCommonHooks.o
 .debug_macro   0x0000000000003548       0x4c ./freertos/src/FreeRTOSCommonHooks.o
 .debug_macro   0x0000000000003594       0x16 ./freertos/src/FreeRTOSCommonHooks.o
 .debug_macro   0x00000000000035aa      0x328 ./freertos/src/FreeRTOSCommonHooks.o
 .debug_macro   0x00000000000038d2       0x49 ./freertos/src/FreeRTOSCommonHooks.o
 .debug_macro   0x000000000000391b       0x16 ./freertos/src/FreeRTOSCommonHooks.o
 .debug_macro   0x0000000000003931       0xca ./freertos/src/FreeRTOSCommonHooks.o
 .debug_macro   0x00000000000039fb       0x11 ./freertos/src/FreeRTOSCommonHooks.o
 .debug_macro   0x0000000000003a0c       0x76 ./freertos/src/FreeRTOSCommonHooks.o
 .debug_macro   0x0000000000003a82       0x9a ./freertos/src/FreeRTOSCommonHooks.o
 .debug_macro   0x0000000000003b1c       0x20 ./freertos/src/FreeRTOSCommonHooks.o
 .debug_macro   0x0000000000003b3c       0x28 ./freertos/src/FreeRTOSCommonHooks.o
 .debug_macro   0x0000000000003b64       0xee ./freertos/src/FreeRTOSCommonHooks.o
 .debug_macro   0x0000000000003c52       0xab ./freertos/src/FreeRTOSCommonHooks.o
 .debug_macro   0x0000000000003cfd       0x12 ./freertos/src/FreeRTOSCommonHooks.o
 .debug_macro   0x0000000000003d0f       0x1f ./freertos/src/FreeRTOSCommonHooks.o
 .debug_macro   0x0000000000003d2e      0x257 ./freertos/src/FreeRTOSCommonHooks.o
 .debug_macro   0x0000000000003f85       0x64 ./freertos/src/FreeRTOSCommonHooks.o
 .debug_macro   0x0000000000003fe9       0x57 ./freertos/src/FreeRTOSCommonHooks.o
 .debug_macro   0x0000000000004040      0x2b2 ./freertos/src/heap_3.o
 .debug_macro   0x00000000000042f2       0x28 ./freertos/src/heap_3.o
 .debug_macro   0x000000000000431a      0x297 ./freertos/src/list.o
 .debug_macro   0x00000000000045b1      0x329 ./freertos/src/port.o
 .debug_macro   0x00000000000048da      0x336 ./freertos/src/tasks.o
 .debug_macro   0x0000000000004c10       0x5b ./freertos/src/tasks.o
 .debug_macro   0x0000000000004c6b       0x16 ./freertos/src/tasks.o
 .debug_macro   0x0000000000004c81       0x1d ./example/src/cr_startup_lpc175x_6x.o
 .debug_macro   0x0000000000004c9e      0x2e0 ./example/src/freertos_blinky.o
 .debug_macro   0x0000000000004f7e       0x7b ./example/src/freertos_blinky.o
 .debug_macro   0x0000000000004ff9       0x18 ./example/src/freertos_blinky.o
 .debug_macro   0x0000000000005011       0x10 ./example/src/freertos_blinky.o
 .debug_macro   0x0000000000005021       0xf4 ./example/src/freertos_blinky.o
 .debug_macro   0x0000000000005115      0x217 ./example/src/sysinit.o
 .debug_macro   0x000000000000532c      0x289 /Users/eltonleung/Dropbox/SJSU MSCMPE/Fall 16'/CMPE 245 Wireless Communication/LPCXpresso Projects Workspace/lpc_board_nxp_lpcxpresso_1769/Debug/liblpc_board_nxp_lpcxpresso_1769.a(board.o)
 .debug_macro   0x00000000000055b5      0x886 /Users/eltonleung/Dropbox/SJSU MSCMPE/Fall 16'/CMPE 245 Wireless Communication/LPCXpresso Projects Workspace/lpc_board_nxp_lpcxpresso_1769/Debug/liblpc_board_nxp_lpcxpresso_1769.a(board.o)
 .debug_macro   0x0000000000005e3b       0x12 /Users/eltonleung/Dropbox/SJSU MSCMPE/Fall 16'/CMPE 245 Wireless Communication/LPCXpresso Projects Workspace/lpc_board_nxp_lpcxpresso_1769/Debug/liblpc_board_nxp_lpcxpresso_1769.a(board.o)
 .debug_macro   0x0000000000005e4d      0x217 /Users/eltonleung/Dropbox/SJSU MSCMPE/Fall 16'/CMPE 245 Wireless Communication/LPCXpresso Projects Workspace/lpc_board_nxp_lpcxpresso_1769/Debug/liblpc_board_nxp_lpcxpresso_1769.a(board_sysinit.o)
 .debug_macro   0x0000000000006064      0x1cd /Users/eltonleung/Dropbox/SJSU MSCMPE/Fall 16'/CMPE 245 Wireless Communication/LPCXpresso Projects Workspace/lpc_chip_175x_6x/Debug/liblpc_chip_175x_6x.a(chip_17xx_40xx.o)
 .debug_macro   0x0000000000006231      0x1cd /Users/eltonleung/Dropbox/SJSU MSCMPE/Fall 16'/CMPE 245 Wireless Communication/LPCXpresso Projects Workspace/lpc_chip_175x_6x/Debug/liblpc_chip_175x_6x.a(clock_17xx_40xx.o)
 .debug_macro   0x00000000000063fe      0x1cd /Users/eltonleung/Dropbox/SJSU MSCMPE/Fall 16'/CMPE 245 Wireless Communication/LPCXpresso Projects Workspace/lpc_chip_175x_6x/Debug/liblpc_chip_175x_6x.a(iocon_17xx_40xx.o)
 .debug_macro   0x00000000000065cb      0x1cd /Users/eltonleung/Dropbox/SJSU MSCMPE/Fall 16'/CMPE 245 Wireless Communication/LPCXpresso Projects Workspace/lpc_chip_175x_6x/Debug/liblpc_chip_175x_6x.a(sysinit_17xx_40xx.o)

.debug_line     0x0000000000000000     0x5ef7
 .debug_line    0x0000000000000000      0x723 ./freertos/src/FreeRTOSCommonHooks.o
 .debug_line    0x0000000000000723      0x6c8 ./freertos/src/heap_3.o
 .debug_line    0x0000000000000deb      0x714 ./freertos/src/list.o
 .debug_line    0x00000000000014ff      0x7fa ./freertos/src/port.o
 .debug_line    0x0000000000001cf9      0xdc2 ./freertos/src/tasks.o
 .debug_line    0x0000000000002abb       0xdd ./example/src/cr_startup_lpc175x_6x.o
 .debug_line    0x0000000000002b98      0xb23 ./example/src/freertos_blinky.o
 .debug_line    0x00000000000036bb      0x515 ./example/src/sysinit.o
 .debug_line    0x0000000000003bd0      0x88c /Users/eltonleung/Dropbox/SJSU MSCMPE/Fall 16'/CMPE 245 Wireless Communication/LPCXpresso Projects Workspace/lpc_board_nxp_lpcxpresso_1769/Debug/liblpc_board_nxp_lpcxpresso_1769.a(board.o)
 .debug_line    0x000000000000445c      0x54d /Users/eltonleung/Dropbox/SJSU MSCMPE/Fall 16'/CMPE 245 Wireless Communication/LPCXpresso Projects Workspace/lpc_board_nxp_lpcxpresso_1769/Debug/liblpc_board_nxp_lpcxpresso_1769.a(board_sysinit.o)
 .debug_line    0x00000000000049a9      0x49c /Users/eltonleung/Dropbox/SJSU MSCMPE/Fall 16'/CMPE 245 Wireless Communication/LPCXpresso Projects Workspace/lpc_chip_175x_6x/Debug/liblpc_chip_175x_6x.a(chip_17xx_40xx.o)
 .debug_line    0x0000000000004e45      0x718 /Users/eltonleung/Dropbox/SJSU MSCMPE/Fall 16'/CMPE 245 Wireless Communication/LPCXpresso Projects Workspace/lpc_chip_175x_6x/Debug/liblpc_chip_175x_6x.a(clock_17xx_40xx.o)
 .debug_line    0x000000000000555d      0x488 /Users/eltonleung/Dropbox/SJSU MSCMPE/Fall 16'/CMPE 245 Wireless Communication/LPCXpresso Projects Workspace/lpc_chip_175x_6x/Debug/liblpc_chip_175x_6x.a(iocon_17xx_40xx.o)
 .debug_line    0x00000000000059e5      0x512 /Users/eltonleung/Dropbox/SJSU MSCMPE/Fall 16'/CMPE 245 Wireless Communication/LPCXpresso Projects Workspace/lpc_chip_175x_6x/Debug/liblpc_chip_175x_6x.a(sysinit_17xx_40xx.o)

.debug_str      0x0000000000000000    0x16ac3
 .debug_str     0x0000000000000000    0x12b4a ./freertos/src/FreeRTOSCommonHooks.o
                                      0x12c2d (size before relaxing)
 .debug_str     0x0000000000012b4a      0x103 ./freertos/src/heap_3.o
                                      0x12c41 (size before relaxing)
 .debug_str     0x0000000000012c4d      0x12e ./freertos/src/list.o
                                      0x12986 (size before relaxing)
 .debug_str     0x0000000000012d7b      0x906 ./freertos/src/port.o
                                      0x1348d (size before relaxing)
 .debug_str     0x0000000000013681     0x153a ./freertos/src/tasks.o
                                      0x14448 (size before relaxing)
 .debug_str     0x0000000000014bbb      0x19f ./example/src/cr_startup_lpc175x_6x.o
                                       0x26d7 (size before relaxing)
 .debug_str     0x0000000000014d5a      0x430 ./example/src/freertos_blinky.o
                                      0x1314d (size before relaxing)
 .debug_str     0x000000000001518a       0x23 ./example/src/sysinit.o
                                      0x10a77 (size before relaxing)
 .debug_str     0x00000000000151ad      0xc67 /Users/eltonleung/Dropbox/SJSU MSCMPE/Fall 16'/CMPE 245 Wireless Communication/LPCXpresso Projects Workspace/lpc_board_nxp_lpcxpresso_1769/Debug/liblpc_board_nxp_lpcxpresso_1769.a(board.o)
                                      0x11916 (size before relaxing)
 .debug_str     0x0000000000015e14      0x22d /Users/eltonleung/Dropbox/SJSU MSCMPE/Fall 16'/CMPE 245 Wireless Communication/LPCXpresso Projects Workspace/lpc_board_nxp_lpcxpresso_1769/Debug/liblpc_board_nxp_lpcxpresso_1769.a(board_sysinit.o)
                                      0x10e85 (size before relaxing)
 .debug_str     0x0000000000016041       0xf7 /Users/eltonleung/Dropbox/SJSU MSCMPE/Fall 16'/CMPE 245 Wireless Communication/LPCXpresso Projects Workspace/lpc_chip_175x_6x/Debug/liblpc_chip_175x_6x.a(chip_17xx_40xx.o)
                                      0x10b8f (size before relaxing)
 .debug_str     0x0000000000016138      0x84e /Users/eltonleung/Dropbox/SJSU MSCMPE/Fall 16'/CMPE 245 Wireless Communication/LPCXpresso Projects Workspace/lpc_chip_175x_6x/Debug/liblpc_chip_175x_6x.a(clock_17xx_40xx.o)
                                      0x111fd (size before relaxing)
 .debug_str     0x0000000000016986       0x79 /Users/eltonleung/Dropbox/SJSU MSCMPE/Fall 16'/CMPE 245 Wireless Communication/LPCXpresso Projects Workspace/lpc_chip_175x_6x/Debug/liblpc_chip_175x_6x.a(iocon_17xx_40xx.o)
                                      0x1067a (size before relaxing)
 .debug_str     0x00000000000169ff       0xc4 /Users/eltonleung/Dropbox/SJSU MSCMPE/Fall 16'/CMPE 245 Wireless Communication/LPCXpresso Projects Workspace/lpc_chip_175x_6x/Debug/liblpc_chip_175x_6x.a(sysinit_17xx_40xx.o)
                                      0x10862 (size before relaxing)

.comment        0x0000000000000000       0xdc
 .comment       0x0000000000000000       0x6e ./freertos/src/FreeRTOSCommonHooks.o
                                         0x6f (size before relaxing)
 .comment       0x000000000000006e       0x6f ./freertos/src/heap_3.o
 .comment       0x000000000000006e       0x6f ./freertos/src/list.o
 .comment       0x000000000000006e       0x6f ./freertos/src/port.o
 .comment       0x000000000000006e       0x6f ./freertos/src/tasks.o
 .comment       0x000000000000006e       0x6f ./example/src/cr_startup_lpc175x_6x.o
 .comment       0x000000000000006e       0x6f ./example/src/freertos_blinky.o
 .comment       0x000000000000006e       0x6f ./example/src/sysinit.o
 .comment       0x000000000000006e       0x6f /Users/eltonleung/Dropbox/SJSU MSCMPE/Fall 16'/CMPE 245 Wireless Communication/LPCXpresso Projects Workspace/lpc_board_nxp_lpcxpresso_1769/Debug/liblpc_board_nxp_lpcxpresso_1769.a(board.o)
 .comment       0x000000000000006e       0x6f /Users/eltonleung/Dropbox/SJSU MSCMPE/Fall 16'/CMPE 245 Wireless Communication/LPCXpresso Projects Workspace/lpc_board_nxp_lpcxpresso_1769/Debug/liblpc_board_nxp_lpcxpresso_1769.a(board_sysinit.o)
 .comment       0x000000000000006e       0x6f /Users/eltonleung/Dropbox/SJSU MSCMPE/Fall 16'/CMPE 245 Wireless Communication/LPCXpresso Projects Workspace/lpc_chip_175x_6x/Debug/liblpc_chip_175x_6x.a(chip_17xx_40xx.o)
 .comment       0x000000000000006e       0x6f /Users/eltonleung/Dropbox/SJSU MSCMPE/Fall 16'/CMPE 245 Wireless Communication/LPCXpresso Projects Workspace/lpc_chip_175x_6x/Debug/liblpc_chip_175x_6x.a(clock_17xx_40xx.o)
 .comment       0x000000000000006e       0x6f /Users/eltonleung/Dropbox/SJSU MSCMPE/Fall 16'/CMPE 245 Wireless Communication/LPCXpresso Projects Workspace/lpc_chip_175x_6x/Debug/liblpc_chip_175x_6x.a(iocon_17xx_40xx.o)
 .comment       0x000000000000006e       0x6f /Users/eltonleung/Dropbox/SJSU MSCMPE/Fall 16'/CMPE 245 Wireless Communication/LPCXpresso Projects Workspace/lpc_chip_175x_6x/Debug/liblpc_chip_175x_6x.a(sysinit_17xx_40xx.o)
 .comment       0x000000000000006e       0x6e /Applications/lpcxpresso_8.2.2_650/lpcxpresso/tools/bin/../lib/gcc/arm-none-eabi/5.4.1/../../../../arm-none-eabi/lib/armv7-m/libcr_semihost.a(_cr__main.o)
                                         0x6f (size before relaxing)
 .comment       0x00000000000000dc       0x6f /Applications/lpcxpresso_8.2.2_650/lpcxpresso/tools/bin/../lib/gcc/arm-none-eabi/5.4.1/../../../../arm-none-eabi/lib/armv7-m/libcr_c.a(memset.o)
 .comment       0x00000000000000dc       0x6f /Applications/lpcxpresso_8.2.2_650/lpcxpresso/tools/bin/../lib/gcc/arm-none-eabi/5.4.1/../../../../arm-none-eabi/lib/armv7-m/libcr_c.a(alloc.o)
 .comment       0x00000000000000dc       0x6f /Applications/lpcxpresso_8.2.2_650/lpcxpresso/tools/bin/../lib/gcc/arm-none-eabi/5.4.1/../../../../arm-none-eabi/lib/armv7-m/libcr_c.a(fpprintf.o)
 .comment       0x00000000000000dc       0x6f /Applications/lpcxpresso_8.2.2_650/lpcxpresso/tools/bin/../lib/gcc/arm-none-eabi/5.4.1/../../../../arm-none-eabi/lib/armv7-m/libcr_c.a(initio.o)
 .comment       0x00000000000000dc       0x6f /Applications/lpcxpresso_8.2.2_650/lpcxpresso/tools/bin/../lib/gcc/arm-none-eabi/5.4.1/../../../../arm-none-eabi/lib/armv7-m/libcr_c.a(printf.o)
 .comment       0x00000000000000dc       0x6f /Applications/lpcxpresso_8.2.2_650/lpcxpresso/tools/bin/../lib/gcc/arm-none-eabi/5.4.1/../../../../arm-none-eabi/lib/armv7-m/libcr_c.a(scanf.o)
 .comment       0x00000000000000dc       0x6f /Applications/lpcxpresso_8.2.2_650/lpcxpresso/tools/bin/../lib/gcc/arm-none-eabi/5.4.1/../../../../arm-none-eabi/lib/armv7-m/libcr_c.a(setvbuf.o)
 .comment       0x00000000000000dc       0x6f /Applications/lpcxpresso_8.2.2_650/lpcxpresso/tools/bin/../lib/gcc/arm-none-eabi/5.4.1/../../../../arm-none-eabi/lib/armv7-m/libcr_c.a(stdio.o)
 .comment       0x00000000000000dc       0x6f /Applications/lpcxpresso_8.2.2_650/lpcxpresso/tools/bin/../lib/gcc/arm-none-eabi/5.4.1/../../../../arm-none-eabi/lib/armv7-m/libcr_c.a(strlen.o)
 .comment       0x00000000000000dc       0x6f /Applications/lpcxpresso_8.2.2_650/lpcxpresso/tools/bin/../lib/gcc/arm-none-eabi/5.4.1/../../../../arm-none-eabi/lib/armv7-m/libcr_c.a(ungetc.o)
 .comment       0x00000000000000dc       0x6f /Applications/lpcxpresso_8.2.2_650/lpcxpresso/tools/bin/../lib/gcc/arm-none-eabi/5.4.1/../../../../arm-none-eabi/lib/armv7-m/libcr_c.a(__fillbuf.o)
 .comment       0x00000000000000dc       0x6f /Applications/lpcxpresso_8.2.2_650/lpcxpresso/tools/bin/../lib/gcc/arm-none-eabi/5.4.1/../../../../arm-none-eabi/lib/armv7-m/libcr_c.a(__init_alloc.o)
 .comment       0x00000000000000dc       0x6f /Applications/lpcxpresso_8.2.2_650/lpcxpresso/tools/bin/../lib/gcc/arm-none-eabi/5.4.1/../../../../arm-none-eabi/lib/armv7-m/libcr_c.a(_cr_sbrk.o)
 .comment       0x00000000000000dc       0x6f /Applications/lpcxpresso_8.2.2_650/lpcxpresso/tools/bin/../lib/gcc/arm-none-eabi/5.4.1/../../../../arm-none-eabi/lib/armv7-m/libcr_c.a(_deferredlazyseek.o)
 .comment       0x00000000000000dc       0x6f /Applications/lpcxpresso_8.2.2_650/lpcxpresso/tools/bin/../lib/gcc/arm-none-eabi/5.4.1/../../../../arm-none-eabi/lib/armv7-m/libcr_c.a(_fdopen.o)
 .comment       0x00000000000000dc       0x6f /Applications/lpcxpresso_8.2.2_650/lpcxpresso/tools/bin/../lib/gcc/arm-none-eabi/5.4.1/../../../../arm-none-eabi/lib/armv7-m/libcr_c.a(_fflush.o)
 .comment       0x00000000000000dc       0x6f /Applications/lpcxpresso_8.2.2_650/lpcxpresso/tools/bin/../lib/gcc/arm-none-eabi/5.4.1/../../../../arm-none-eabi/lib/armv7-m/libcr_c.a(_frexpl.o)
 .comment       0x00000000000000dc       0x6f /Applications/lpcxpresso_8.2.2_650/lpcxpresso/tools/bin/../lib/gcc/arm-none-eabi/5.4.1/../../../../arm-none-eabi/lib/armv7-m/libcr_c.a(_hugeval.o)
 .comment       0x00000000000000dc       0x6f /Applications/lpcxpresso_8.2.2_650/lpcxpresso/tools/bin/../lib/gcc/arm-none-eabi/5.4.1/../../../../arm-none-eabi/lib/armv7-m/libcr_c.a(_ldexpl.o)
 .comment       0x00000000000000dc       0x6f /Applications/lpcxpresso_8.2.2_650/lpcxpresso/tools/bin/../lib/gcc/arm-none-eabi/5.4.1/../../../../arm-none-eabi/lib/armv7-m/libcr_c.a(_writebuf.o)
 .comment       0x00000000000000dc       0x6f /Applications/lpcxpresso_8.2.2_650/lpcxpresso/tools/bin/../lib/gcc/arm-none-eabi/5.4.1/../../../../arm-none-eabi/lib/armv7-m/libcr_c.a(ctype.o)
 .comment       0x00000000000000dc       0x6f /Applications/lpcxpresso_8.2.2_650/lpcxpresso/tools/bin/../lib/gcc/arm-none-eabi/5.4.1/../../../../arm-none-eabi/lib/armv7-m/libcr_c.a(errno.o)
 .comment       0x00000000000000dc       0x6f /Applications/lpcxpresso_8.2.2_650/lpcxpresso/tools/bin/../lib/gcc/arm-none-eabi/5.4.1/../../../../arm-none-eabi/lib/armv7-m/libcr_c.a(fclose.o)
 .comment       0x00000000000000dc       0x6f /Applications/lpcxpresso_8.2.2_650/lpcxpresso/tools/bin/../lib/gcc/arm-none-eabi/5.4.1/../../../../arm-none-eabi/lib/armv7-m/libcr_c.a(fflush.o)
 .comment       0x00000000000000dc       0x6f /Applications/lpcxpresso_8.2.2_650/lpcxpresso/tools/bin/../lib/gcc/arm-none-eabi/5.4.1/../../../../arm-none-eabi/lib/armv7-m/libcr_c.a(fseek.o)
 .comment       0x00000000000000dc       0x6f /Applications/lpcxpresso_8.2.2_650/lpcxpresso/tools/bin/../lib/gcc/arm-none-eabi/5.4.1/../../../../arm-none-eabi/lib/armv7-m/libcr_c.a(ftell.o)
 .comment       0x00000000000000dc       0x6f /Applications/lpcxpresso_8.2.2_650/lpcxpresso/tools/bin/../lib/gcc/arm-none-eabi/5.4.1/../../../../arm-none-eabi/lib/armv7-m/libcr_c.a(remove.o)
 .comment       0x00000000000000dc       0x6f /Applications/lpcxpresso_8.2.2_650/lpcxpresso/tools/bin/../lib/gcc/arm-none-eabi/5.4.1/../../../../arm-none-eabi/lib/armv7-m/libcr_c.a(_cr_check_heap.o)
 .comment       0x00000000000000dc       0x6f /Applications/lpcxpresso_8.2.2_650/lpcxpresso/tools/bin/../lib/gcc/arm-none-eabi/5.4.1/../../../../arm-none-eabi/lib/armv7-m/libcr_c.a(_do_fflush.o)
 .comment       0x00000000000000dc       0x6f /Applications/lpcxpresso_8.2.2_650/lpcxpresso/tools/bin/../lib/gcc/arm-none-eabi/5.4.1/armv7-m/libcr_eabihelpers.a(double.o)

.ARM.attributes
                0x0000000000000000       0x31
 .ARM.attributes
                0x0000000000000000       0x33 ./freertos/src/FreeRTOSCommonHooks.o
 .ARM.attributes
                0x0000000000000033       0x33 ./freertos/src/heap_3.o
 .ARM.attributes
                0x0000000000000066       0x33 ./freertos/src/list.o
 .ARM.attributes
                0x0000000000000099       0x33 ./freertos/src/port.o
 .ARM.attributes
                0x00000000000000cc       0x33 ./freertos/src/tasks.o
 .ARM.attributes
                0x00000000000000ff       0x33 ./example/src/cr_startup_lpc175x_6x.o
 .ARM.attributes
                0x0000000000000132       0x33 ./example/src/freertos_blinky.o
 .ARM.attributes
                0x0000000000000165       0x33 ./example/src/sysinit.o
 .ARM.attributes
                0x0000000000000198       0x33 /Users/eltonleung/Dropbox/SJSU MSCMPE/Fall 16'/CMPE 245 Wireless Communication/LPCXpresso Projects Workspace/lpc_board_nxp_lpcxpresso_1769/Debug/liblpc_board_nxp_lpcxpresso_1769.a(board.o)
 .ARM.attributes
                0x00000000000001cb       0x33 /Users/eltonleung/Dropbox/SJSU MSCMPE/Fall 16'/CMPE 245 Wireless Communication/LPCXpresso Projects Workspace/lpc_board_nxp_lpcxpresso_1769/Debug/liblpc_board_nxp_lpcxpresso_1769.a(board_sysinit.o)
 .ARM.attributes
                0x00000000000001fe       0x33 /Users/eltonleung/Dropbox/SJSU MSCMPE/Fall 16'/CMPE 245 Wireless Communication/LPCXpresso Projects Workspace/lpc_chip_175x_6x/Debug/liblpc_chip_175x_6x.a(chip_17xx_40xx.o)
 .ARM.attributes
                0x0000000000000231       0x33 /Users/eltonleung/Dropbox/SJSU MSCMPE/Fall 16'/CMPE 245 Wireless Communication/LPCXpresso Projects Workspace/lpc_chip_175x_6x/Debug/liblpc_chip_175x_6x.a(clock_17xx_40xx.o)
 .ARM.attributes
                0x0000000000000264       0x33 /Users/eltonleung/Dropbox/SJSU MSCMPE/Fall 16'/CMPE 245 Wireless Communication/LPCXpresso Projects Workspace/lpc_chip_175x_6x/Debug/liblpc_chip_175x_6x.a(iocon_17xx_40xx.o)
 .ARM.attributes
                0x0000000000000297       0x33 /Users/eltonleung/Dropbox/SJSU MSCMPE/Fall 16'/CMPE 245 Wireless Communication/LPCXpresso Projects Workspace/lpc_chip_175x_6x/Debug/liblpc_chip_175x_6x.a(sysinit_17xx_40xx.o)
 .ARM.attributes
                0x00000000000002ca       0x33 /Applications/lpcxpresso_8.2.2_650/lpcxpresso/tools/bin/../lib/gcc/arm-none-eabi/5.4.1/../../../../arm-none-eabi/lib/armv7-m/libcr_semihost.a(_cr__main.o)
 .ARM.attributes
                0x00000000000002fd       0x33 /Applications/lpcxpresso_8.2.2_650/lpcxpresso/tools/bin/../lib/gcc/arm-none-eabi/5.4.1/../../../../arm-none-eabi/lib/armv7-m/libcr_c.a(memset.o)
 .ARM.attributes
                0x0000000000000330       0x33 /Applications/lpcxpresso_8.2.2_650/lpcxpresso/tools/bin/../lib/gcc/arm-none-eabi/5.4.1/../../../../arm-none-eabi/lib/armv7-m/libcr_c.a(alloc.o)
 .ARM.attributes
                0x0000000000000363       0x33 /Applications/lpcxpresso_8.2.2_650/lpcxpresso/tools/bin/../lib/gcc/arm-none-eabi/5.4.1/../../../../arm-none-eabi/lib/armv7-m/libcr_c.a(fpprintf.o)
 .ARM.attributes
                0x0000000000000396       0x33 /Applications/lpcxpresso_8.2.2_650/lpcxpresso/tools/bin/../lib/gcc/arm-none-eabi/5.4.1/../../../../arm-none-eabi/lib/armv7-m/libcr_c.a(initio.o)
 .ARM.attributes
                0x00000000000003c9       0x33 /Applications/lpcxpresso_8.2.2_650/lpcxpresso/tools/bin/../lib/gcc/arm-none-eabi/5.4.1/../../../../arm-none-eabi/lib/armv7-m/libcr_c.a(printf.o)
 .ARM.attributes
                0x00000000000003fc       0x33 /Applications/lpcxpresso_8.2.2_650/lpcxpresso/tools/bin/../lib/gcc/arm-none-eabi/5.4.1/../../../../arm-none-eabi/lib/armv7-m/libcr_c.a(scanf.o)
 .ARM.attributes
                0x000000000000042f       0x33 /Applications/lpcxpresso_8.2.2_650/lpcxpresso/tools/bin/../lib/gcc/arm-none-eabi/5.4.1/../../../../arm-none-eabi/lib/armv7-m/libcr_c.a(setvbuf.o)
 .ARM.attributes
                0x0000000000000462       0x33 /Applications/lpcxpresso_8.2.2_650/lpcxpresso/tools/bin/../lib/gcc/arm-none-eabi/5.4.1/../../../../arm-none-eabi/lib/armv7-m/libcr_c.a(stdio.o)
 .ARM.attributes
                0x0000000000000495       0x33 /Applications/lpcxpresso_8.2.2_650/lpcxpresso/tools/bin/../lib/gcc/arm-none-eabi/5.4.1/../../../../arm-none-eabi/lib/armv7-m/libcr_c.a(strlen.o)
 .ARM.attributes
                0x00000000000004c8       0x33 /Applications/lpcxpresso_8.2.2_650/lpcxpresso/tools/bin/../lib/gcc/arm-none-eabi/5.4.1/../../../../arm-none-eabi/lib/armv7-m/libcr_c.a(ungetc.o)
 .ARM.attributes
                0x00000000000004fb       0x33 /Applications/lpcxpresso_8.2.2_650/lpcxpresso/tools/bin/../lib/gcc/arm-none-eabi/5.4.1/../../../../arm-none-eabi/lib/armv7-m/libcr_c.a(__fillbuf.o)
 .ARM.attributes
                0x000000000000052e       0x33 /Applications/lpcxpresso_8.2.2_650/lpcxpresso/tools/bin/../lib/gcc/arm-none-eabi/5.4.1/../../../../arm-none-eabi/lib/armv7-m/libcr_c.a(__init_alloc.o)
 .ARM.attributes
                0x0000000000000561       0x33 /Applications/lpcxpresso_8.2.2_650/lpcxpresso/tools/bin/../lib/gcc/arm-none-eabi/5.4.1/../../../../arm-none-eabi/lib/armv7-m/libcr_c.a(_cr_sbrk.o)
 .ARM.attributes
                0x0000000000000594       0x33 /Applications/lpcxpresso_8.2.2_650/lpcxpresso/tools/bin/../lib/gcc/arm-none-eabi/5.4.1/../../../../arm-none-eabi/lib/armv7-m/libcr_c.a(_deferredlazyseek.o)
 .ARM.attributes
                0x00000000000005c7       0x33 /Applications/lpcxpresso_8.2.2_650/lpcxpresso/tools/bin/../lib/gcc/arm-none-eabi/5.4.1/../../../../arm-none-eabi/lib/armv7-m/libcr_c.a(_fdopen.o)
 .ARM.attributes
                0x00000000000005fa       0x33 /Applications/lpcxpresso_8.2.2_650/lpcxpresso/tools/bin/../lib/gcc/arm-none-eabi/5.4.1/../../../../arm-none-eabi/lib/armv7-m/libcr_c.a(_fflush.o)
 .ARM.attributes
                0x000000000000062d       0x33 /Applications/lpcxpresso_8.2.2_650/lpcxpresso/tools/bin/../lib/gcc/arm-none-eabi/5.4.1/../../../../arm-none-eabi/lib/armv7-m/libcr_c.a(_frexpl.o)
 .ARM.attributes
                0x0000000000000660       0x33 /Applications/lpcxpresso_8.2.2_650/lpcxpresso/tools/bin/../lib/gcc/arm-none-eabi/5.4.1/../../../../arm-none-eabi/lib/armv7-m/libcr_c.a(_hugeval.o)
 .ARM.attributes
                0x0000000000000693       0x33 /Applications/lpcxpresso_8.2.2_650/lpcxpresso/tools/bin/../lib/gcc/arm-none-eabi/5.4.1/../../../../arm-none-eabi/lib/armv7-m/libcr_c.a(_ldexpl.o)
 .ARM.attributes
                0x00000000000006c6       0x33 /Applications/lpcxpresso_8.2.2_650/lpcxpresso/tools/bin/../lib/gcc/arm-none-eabi/5.4.1/../../../../arm-none-eabi/lib/armv7-m/libcr_c.a(_writebuf.o)
 .ARM.attributes
                0x00000000000006f9       0x33 /Applications/lpcxpresso_8.2.2_650/lpcxpresso/tools/bin/../lib/gcc/arm-none-eabi/5.4.1/../../../../arm-none-eabi/lib/armv7-m/libcr_c.a(ctype.o)
 .ARM.attributes
                0x000000000000072c       0x33 /Applications/lpcxpresso_8.2.2_650/lpcxpresso/tools/bin/../lib/gcc/arm-none-eabi/5.4.1/../../../../arm-none-eabi/lib/armv7-m/libcr_c.a(errno.o)
 .ARM.attributes
                0x000000000000075f       0x33 /Applications/lpcxpresso_8.2.2_650/lpcxpresso/tools/bin/../lib/gcc/arm-none-eabi/5.4.1/../../../../arm-none-eabi/lib/armv7-m/libcr_c.a(fclose.o)
 .ARM.attributes
                0x0000000000000792       0x33 /Applications/lpcxpresso_8.2.2_650/lpcxpresso/tools/bin/../lib/gcc/arm-none-eabi/5.4.1/../../../../arm-none-eabi/lib/armv7-m/libcr_c.a(fflush.o)
 .ARM.attributes
                0x00000000000007c5       0x33 /Applications/lpcxpresso_8.2.2_650/lpcxpresso/tools/bin/../lib/gcc/arm-none-eabi/5.4.1/../../../../arm-none-eabi/lib/armv7-m/libcr_c.a(fseek.o)
 .ARM.attributes
                0x00000000000007f8       0x33 /Applications/lpcxpresso_8.2.2_650/lpcxpresso/tools/bin/../lib/gcc/arm-none-eabi/5.4.1/../../../../arm-none-eabi/lib/armv7-m/libcr_c.a(ftell.o)
 .ARM.attributes
                0x000000000000082b       0x33 /Applications/lpcxpresso_8.2.2_650/lpcxpresso/tools/bin/../lib/gcc/arm-none-eabi/5.4.1/../../../../arm-none-eabi/lib/armv7-m/libcr_c.a(remove.o)
 .ARM.attributes
                0x000000000000085e       0x33 /Applications/lpcxpresso_8.2.2_650/lpcxpresso/tools/bin/../lib/gcc/arm-none-eabi/5.4.1/../../../../arm-none-eabi/lib/armv7-m/libcr_c.a(_cr_check_heap.o)
 .ARM.attributes
                0x0000000000000891       0x33 /Applications/lpcxpresso_8.2.2_650/lpcxpresso/tools/bin/../lib/gcc/arm-none-eabi/5.4.1/../../../../arm-none-eabi/lib/armv7-m/libcr_c.a(_do_fflush.o)
 .ARM.attributes
                0x00000000000008c4       0x33 /Applications/lpcxpresso_8.2.2_650/lpcxpresso/tools/bin/../lib/gcc/arm-none-eabi/5.4.1/armv7-m/libcr_eabihelpers.a(double.o)
 .ARM.attributes
                0x00000000000008f7       0x21 /Applications/lpcxpresso_8.2.2_650/lpcxpresso/tools/bin/../lib/gcc/arm-none-eabi/5.4.1/armv7-m/libcr_eabihelpers.a(memcpy.o)
 .ARM.attributes